###############################################################################
#
# IAR ELF Linker V8.30.2.160/W32 for ARM                  09/Oct/2018  16:19:56
# Copyright 2007-2018 IAR Systems AB.
#
#    Output file  =  
#        D:\Documents\Cours\EMSE\3A\Embedded_Systems\Debug\Projets\LowPower\SAM4S_V_ADC\compil\FLASH\Exe\SAM4S_V_ADC.out.tmp
#    Map file     =  
#        D:\Documents\Cours\EMSE\3A\Embedded_Systems\Debug\Projets\LowPower\SAM4S_V_ADC\compil\FLASH\List\SAM4S_V_ADC.map
#    Command line =  
#        -f C:\Users\Cyril\AppData\Local\Temp\EWEAD7.tmp
#        (D:\Documents\Cours\EMSE\3A\Embedded_Systems\Debug\Projets\LowPower\SAM4S_V_ADC\compil\FLASH\Obj\IAR_SAM3S_cstartup.o
#        D:\Documents\Cours\EMSE\3A\Embedded_Systems\Debug\Projets\LowPower\SAM4S_V_ADC\compil\FLASH\Obj\main.o
#        D:\Documents\Cours\EMSE\3A\Embedded_Systems\Debug\Projets\LowPower\SAM4S_V_ADC\compil\FLASH\Obj\menu.o
#        D:\Documents\Cours\EMSE\3A\Embedded_Systems\Debug\Projets\LowPower\SAM4S_V_ADC\compil\FLASH\Obj\pio.o
#        D:\Documents\Cours\EMSE\3A\Embedded_Systems\Debug\Projets\LowPower\SAM4S_V_ADC\compil\FLASH\Obj\pmc.o
#        D:\Documents\Cours\EMSE\3A\Embedded_Systems\Debug\Projets\LowPower\SAM4S_V_ADC\compil\FLASH\Obj\rstc.o
#        D:\Documents\Cours\EMSE\3A\Embedded_Systems\Debug\Projets\LowPower\SAM4S_V_ADC\compil\FLASH\Obj\uart.o
#        D:\Documents\Cours\EMSE\3A\Embedded_Systems\Debug\Projets\LowPower\SAM4S_V_ADC\compil\FLASH\Obj\v_debug.o
#        D:\Documents\Cours\EMSE\3A\Embedded_Systems\Debug\Projets\LowPower\SAM4S_V_ADC\compil\FLASH\Obj\v_it_management.o
#        D:\Documents\Cours\EMSE\3A\Embedded_Systems\Debug\Projets\LowPower\SAM4S_V_ADC\compil\FLASH\Obj\v_nvic.o
#        D:\Documents\Cours\EMSE\3A\Embedded_Systems\Debug\Projets\LowPower\SAM4S_V_ADC\compil\FLASH\Obj\v_pio.o
#        D:\Documents\Cours\EMSE\3A\Embedded_Systems\Debug\Projets\LowPower\SAM4S_V_ADC\compil\FLASH\Obj\v_pmc.o
#        D:\Documents\Cours\EMSE\3A\Embedded_Systems\Debug\Projets\LowPower\SAM4S_V_ADC\compil\FLASH\Obj\v_relocate.o
#        D:\Documents\Cours\EMSE\3A\Embedded_Systems\Debug\Projets\LowPower\SAM4S_V_ADC\compil\FLASH\Obj\v_supc.o
#        D:\Documents\Cours\EMSE\3A\Embedded_Systems\Debug\Projets\LowPower\SAM4S_V_ADC\compil\FLASH\Obj\v_usart.o
#        D:\Documents\Cours\EMSE\3A\Embedded_Systems\Debug\Projets\LowPower\SAM4S_V_ADC\compil\FLASH\Obj\v_utils.o
#        D:\Documents\Cours\EMSE\3A\Embedded_Systems\Debug\Projets\LowPower\SAM4S_V_ADC\compil\FLASH\Obj\v_wdt.o
#        --redirect _Printf=_PrintfTiny --redirect _Scanf=_ScanfSmallNoMb
#        --no_out_extension -o
#        D:\Documents\Cours\EMSE\3A\Embedded_Systems\Debug\Projets\LowPower\SAM4S_V_ADC\compil\FLASH\Exe\SAM4S_V_ADC.out.tmp
#        --map
#        D:\Documents\Cours\EMSE\3A\Embedded_Systems\Debug\Projets\LowPower\SAM4S_V_ADC\compil\FLASH\List\SAM4S_V_ADC.map
#        --config
#        D:\Documents\Cours\EMSE\3A\Embedded_Systems\Debug\Projets\LowPower\SAM4S_V_ADC\compil\..\..\__Link\IAR\SAM4S16_FLASH_default.icf
#        --keep=__checksum --entry __iar_program_start --place_holder
#        __checksum,4,.checksum,4 --define_symbol __checksum_begin=0x400000
#        --define_symbol __checksum_end=0x407fdf --vfe --text_out locale)
#
###############################################################################

*******************************************************************************
*** RUNTIME MODEL ATTRIBUTES
***

CppFlavor       = *
__SystemLibrary = DLib
__dlib_version  = 6


*******************************************************************************
*** HEAP SELECTION
***

The basic heap was selected because some modules are built with
size limitations (and not runtime checking), and --advanced_heap
was not specified.


*******************************************************************************
*** PLACEMENT SUMMARY
***

"A0":  place at 0x40'7ffc { ro section .checksum };
"A1":  place at 0x40'7fe0 { ro section .info_section };
"A2":  place at 0x40'0000 { ro section .intvec };
"P1":  place in [from 0x40'0000 to 0x40'7fdf] { ro };
define block CSTACK with size = 2K, alignment = 4 { };
"P2":  place in [from 0x2000'7fe0 to 0x2001'ffff] { rw, block CSTACK };
initialize by copy { rw };

  Section                 Kind         Address    Size  Object
  -------                 ----         -------    ----  ------
"A2":                                             0xcc
  .intvec                 const      0x40'0000    0xcc  IAR_SAM3S_cstartup.o [1]
                                   - 0x40'00cc    0xcc

"P1":                                           0x1dfa
  .text                   ro code    0x40'00cc   0x694  menu.o [1]
  .text                   ro code    0x40'0760    0x94  v_debug.o [1]
  .text                   ro code    0x40'07f4     0xc  rstc.o [1]
  .prg_used_drv_functions
                          ro code    0x40'0800   0x1c6  pio.o [1]
  .text                   ro code    0x40'09c6    0x7a  lz77_init_single.o [3]
  .text                   ro code    0x40'0a40    0x40  sprintf.o [2]
  .text                   ro code    0x40'0a80    0x8e  uart.o [1]
  .text                   ro code    0x40'0b0e    0x3a  zero_init3.o [3]
  .prg_used_utils_functions
                          ro code    0x40'0b48   0x2e0  v_utils.o [1]
  .prg_used_utils_functions
                          ro code    0x40'0e28    0x18  v_it_management.o [1]
  .text                   ro code    0x40'0e40    0x28  v_utils.o [1]
  .text                   ro code    0x40'0e68    0x66  ABImemset.o [3]
  .prg_used_drv_functions
                          ro code    0x40'0ece     0xe  v_pio.o [1]
  .prg_used_drv_functions
                          ro code    0x40'0edc    0x54  pmc.o [1]
  .text                   ro code    0x40'0f30   0x13e  xprintftiny.o [2]
  .text                   ro code    0x40'106e     0xa  xsprout.o [2]
  .prg_used_drv_functions
                          ro code    0x40'1078    0x7c  v_wdt.o [1]
  .text                   ro code    0x40'10f4   0x218  pmc.o [1]
  .text                   ro code    0x40'130c   0x1c4  v_pmc.o [1]
  .wait_time              ro code    0x40'14d0     0xa  v_utils.o [1]
  .prg_used_drv_functions
                          ro code    0x40'14da    0xa4  v_supc.o [1]
  .text                   ro code    0x40'157e     0x2  IAR_SAM3S_cstartup.o [1]
  .prg_used_drv_functions
                          ro code    0x40'1580    0x70  v_nvic.o [1]
  .text                   ro code    0x40'15f0    0x36  strlen.o [3]
  .text                   ro code    0x40'1626     0x2  IAR_SAM3S_cstartup.o [1]
  .text                   ro code    0x40'1628   0x19c  main.o [1]
  .prg_used_utils_functions
                          ro code    0x40'17c4    0x28  v_relocate.o [1]
  .rodata                 const      0x40'17ec    0x98  v_utils.o [1]
  .text                   ro code    0x40'1884    0x80  IAR_SAM3S_cstartup.o [1]
  .rodata                 const      0x40'1904    0x40  menu.o [1]
  .rodata                 const      0x40'1944    0x40  menu.o [1]
  .rodata                 const      0x40'1984    0x3c  menu.o [1]
  .rodata                 const      0x40'19c0    0x38  menu.o [1]
  .rodata                 const      0x40'19f8    0x34  menu.o [1]
  .rodata                 const      0x40'1a2c    0x30  menu.o [1]
  .rodata                 const      0x40'1a5c    0x30  menu.o [1]
  .rodata                 const      0x40'1a8c    0x2c  menu.o [1]
  .rodata                 const      0x40'1ab8    0x2c  menu.o [1]
  .rodata                 const      0x40'1ae4    0x2c  menu.o [1]
  .rodata                 const      0x40'1b10    0x2c  menu.o [1]
  .rodata                 const      0x40'1b3c    0x28  menu.o [1]
  .rodata                 const      0x40'1b64    0x28  menu.o [1]
  .text                   ro code    0x40'1b8c    0x28  data_init.o [3]
  .rodata                 const      0x40'1bb4    0x24  main.o [1]
  .rodata                 const      0x40'1bd8    0x24  main.o [1]
  .rodata                 const      0x40'1bfc    0x24  menu.o [1]
  .rodata                 const      0x40'1c20    0x24  menu.o [1]
  .rodata                 const      0x40'1c44    0x24  menu.o [1]
  .rodata                 const      0x40'1c68    0x24  menu.o [1]
  .iar.init_table         const      0x40'1c8c    0x28  - Linker created -
  .text                   ro code    0x40'1cb4    0x1e  cmain.o [3]
  .text                   ro code    0x40'1cd2     0x4  exit.o [2]
  .text                   ro code    0x40'1cd6     0x2  IAR_SAM3S_cstartup.o [1]
  .text                   ro code    0x40'1cd8     0xa  cexit.o [3]
  .text                   ro code    0x40'1ce2     0x2  IAR_SAM3S_cstartup.o [1]
  .text                   ro code    0x40'1ce4     0xc  XXexit.o [3]
  .rodata                 const      0x40'1cf0    0x1c  menu.o [1]
  .rodata                 const      0x40'1d0c    0x1c  menu.o [1]
  .rodata                 const      0x40'1d28    0x18  menu.o [1]
  .rodata                 const      0x40'1d40    0x14  menu.o [1]
  .rodata                 const      0x40'1d54    0x14  menu.o [1]
  .rodata                 const      0x40'1d68    0x10  menu.o [1]
  .rodata                 const      0x40'1d78    0x10  menu.o [1]
  .text                   ro code    0x40'1d88     0xc  cstartup_M.o [3]
  .rodata                 const      0x40'1d94     0x8  main.o [1]
  .rodata                 const      0x40'1d9c     0x8  main.o [1]
  .rodata                 const      0x40'1da4     0x8  menu.o [1]
  .text                   ro code    0x40'1dac     0x2  IAR_SAM3S_cstartup.o [1]
  .text                   ro code    0x40'1dae     0x2  IAR_SAM3S_cstartup.o [1]
  .text                   ro code    0x40'1db0     0x2  IAR_SAM3S_cstartup.o [1]
  .text                   ro code    0x40'1db2     0x2  IAR_SAM3S_cstartup.o [1]
  .text                   ro code    0x40'1db4     0x2  IAR_SAM3S_cstartup.o [1]
  .rodata                 const      0x40'1db6     0x0  zero_init3.o [3]
  .rodata                 const      0x40'1db6     0x0  lz77_init_single.o [3]
  Initializer bytes       const      0x40'1db6   0x110  <for P2-1>
                                   - 0x40'1ec6  0x1dfa

"A1":                                             0x1c
  .info_section           const      0x40'7fe0     0xc  main.o [1]
  .info_section           const      0x40'7ff0     0xc  main.o [1]
                                   - 0x40'7ffc    0x1c

"A0":                                              0x4
  .checksum               const      0x40'7ffc     0x4  Place holder __checksum
                                   - 0x40'8000     0x4

Absolute sections:                               0x190
  .bss                    zero     0x2000'80cc   0x190  menu.o [1]
                                 - 0x2000'825c   0x190

"P2", part 1 of 3:                               0x25c
  P2-1                             0x2000'8300   0x25c  <Init block>
    .data                 inited   0x2000'8300    0xcc  IAR_SAM3S_cstartup.o [1]
    .data                 inited   0x2000'83cc   0x190  menu.o [1]
                                 - 0x2000'855c   0x25c

"P2", part 2 of 3:                                0x64
  .bss                    zero     0x2000'855c    0x50  menu.o [1]
  .bss                    zero     0x2000'85ac     0x4  main.o [1]
  .bss                    zero     0x2000'85b0     0x4  main.o [1]
  .bss                    zero     0x2000'85b4     0x4  menu.o [1]
  .bss                    zero     0x2000'85b8     0x4  menu.o [1]
  .bss                    zero     0x2000'85bc     0x4  menu.o [1]
                                 - 0x2000'85c0    0x64

"P2", part 3 of 3:                               0x800
  CSTACK                           0x2000'85c0   0x800  <Block>
    CSTACK                uninit   0x2000'85c0   0x800  <Block tail>
                                 - 0x2000'8dc0   0x800

Unused ranges:

         From           To      Size
         ----           --      ----
    0x40'1ec6    0x40'7fdf    0x611a
  0x2000'7fe0  0x2000'80cb      0xec
  0x2000'825c  0x2000'82ff      0xa4
  0x2000'8dc0  0x2001'ffff  0x1'7240


*******************************************************************************
*** INIT TABLE
***

          Address      Size
          -------      ----
Zero (__iar_zero_init3)
    2 destination ranges, total size 0x1f4:
          0x2000'80cc  0x190
          0x2000'855c   0x64

Copy/lz77 (__iar_lz77_init_single3)
    1 source range, total size 0x110 (45% of destination):
            0x40'1db6  0x110
    1 destination range, total size 0x25c:
          0x2000'8300  0x25c



*******************************************************************************
*** MODULE SUMMARY
***

    Module                   ro code  ro data  rw data  rw data
                                                         (abs)
    ------                   -------  -------  -------  -------
command line/config:
    Place holder __checksum                 4
    -----------------------------------------------------------
    Total:                                  4

D:\Documents\Cours\EMSE\3A\Embedded_Systems\Debug\Projets\LowPower\SAM4S_V_ADC\compil\FLASH\Obj: [1]
    IAR_SAM3S_cstartup.o         146      295      204
    main.o                       412      112        8
    menu.o                     1 684    1 133      492      400
    pio.o                        454
    pmc.o                        620
    rstc.o                        12
    uart.o                       142
    v_debug.o                    148
    v_it_management.o             24
    v_nvic.o                     112
    v_pio.o                       14
    v_pmc.o                      452
    v_relocate.o                  40
    v_supc.o                     164
    v_utils.o                    786      152
    v_wdt.o                      124
    -----------------------------------------------------------
    Total:                     5 334    1 692      704      400

dl7M_tln.a: [2]
    exit.o                         4
    sprintf.o                     64
    xprintftiny.o                318
    xsprout.o                     10
    -----------------------------------------------------------
    Total:                       396

rt7M_tl.a: [3]
    ABImemset.o                  102
    XXexit.o                      12
    cexit.o                       10
    cmain.o                       30
    cstartup_M.o                  12
    data_init.o                   40
    lz77_init_single.o           122
    strlen.o                      54
    zero_init3.o                  58
    -----------------------------------------------------------
    Total:                       440

    Gaps                                    4
    Linker created                         40    2 048
---------------------------------------------------------------
    Grand Total:               6 170    1 740    2 752      400


*******************************************************************************
*** ENTRY LIST
***

Entry                       Address   Size  Type      Object
-----                       -------   ----  ----      ------
.iar.init_table$$Base     0x40'1c8c          --   Gb  - Linker created -
.iar.init_table$$Limit    0x40'1cb4          --   Gb  - Linker created -
?main                     0x40'1cb5         Code  Gb  cmain.o [3]
CSTACK$$Base            0x2000'85c0          --   Gb  - Linker created -
CSTACK$$Limit           0x2000'8dc0          --   Gb  - Linker created -
DEBUG_Initialize          0x40'0797   0x56  Code  Gb  v_debug.o [1]
DEBUG_Printk              0x40'076f   0x28  Code  Gb  v_debug.o [1]
DEBUG_Ready               0x40'0761    0xe  Code  Gb  v_debug.o [1]
Dummy_Handler             0x40'1901    0x2  Code  Gb  IAR_SAM3S_cstartup.o [1]
Exit_LP_Mode              0x40'0509   0x54  Code  Lc  menu.o [1]
MCK_clock_speed         0x2000'85ac    0x4  Data  Gb  main.o [1]
MenuChoice              0x2000'85b4    0x4  Data  Gb  menu.o [1]
PIOA_IrqHandler           0x40'0321   0x4c  Code  Gb  menu.o [1]
PIO_Init                  0x40'1629   0x66  Code  Gb  main.o [1]
Print_device_info         0x40'0253   0x7a  Code  Gb  menu.o [1]
Print_menu                0x40'0219   0x3a  Code  Gb  menu.o [1]
Region$$Table$$Base       0x40'1c8c          --   Gb  - Linker created -
Region$$Table$$Limit      0x40'1cb4          --   Gb  - Linker created -
UART1_IrqHandler          0x40'0201   0x18  Code  Gb  menu.o [1]
_EnterBackupMode          0x40'03ff   0x28  Code  Lc  menu.o [1]
_EnterSleepMode           0x40'04af   0x5a  Code  Lc  menu.o [1]
_EnterWaitMode            0x40'0427   0x88  Code  Lc  menu.o [1]
_Init_Pushbutton_Trigger
                          0x40'036d   0x44  Code  Lc  menu.o [1]
_LowPower_Prepare         0x40'03b1   0x4e  Code  Lc  menu.o [1]
_PrintfTiny               0x40'0f49  0x126  Code  Gb  xprintftiny.o [2]
_SProut                   0x40'106f    0xa  Code  Gb  xsprout.o [2]
__WFI                     0x40'00cd    0x4  Code  Lc  menu.o [1]
__aeabi_memset            0x40'0e69         Code  Gb  ABImemset.o [3]
__checksum                0x40'7ffc    0x4  Data  Gb  Place holder __checksum
__checksum_begin {Abs}    0x40'0000         Data  Gb  <internal module>
__checksum_end {Abs}      0x40'7fdf         Data  Gb  <internal module>
__cmain                   0x40'1cb5         Code  Gb  cmain.o [3]
__exit                    0x40'1ce5         Code  Gb  XXexit.o [3]
__iar_Memset              0x40'0e69         Code  Gb  ABImemset.o [3]
__iar_Memset_word         0x40'0e71         Code  Gb  ABImemset.o [3]
__iar_data_init3          0x40'1b8d   0x28  Code  Gb  data_init.o [3]
__iar_lz77_init_single3
                          0x40'09c7   0x7a  Code  Gb  lz77_init_single.o [3]
__iar_program_start       0x40'1d89         Code  Gb  cstartup_M.o [3]
__iar_zero_init3          0x40'0b0f   0x3a  Code  Gb  zero_init3.o [3]
__low_level_init          0x40'1885   0x5e  Code  Gb  IAR_SAM3S_cstartup.o [1]
__vector_table            0x40'0000   0xcc  Data  Gb  IAR_SAM3S_cstartup.o [1]
_call_main                0x40'1cc1         Code  Gb  cmain.o [3]
_date                     0x40'7fe0    0xc  Data  Gb  main.o [1]
_exit                     0x40'1cd9         Code  Gb  cexit.o [3]
_main                     0x40'1ccf         Code  Gb  cmain.o [3]
_time                     0x40'7ff0    0xc  Data  Gb  main.o [1]
binary_tag              0x2000'85b0    0x4  Data  Gb  main.o [1]
brownout_detector_enable
                          0x40'0dbb   0x12  Code  Gb  v_utils.o [1]
check_reset_source        0x40'0d5f   0x20  Code  Gb  v_utils.o [1]
config_clocks             0x40'0e41   0x28  Code  Gb  v_utils.o [1]
disable_interrupt         0x40'0e35    0xc  Code  Gb  v_it_management.o [1]
dummy_table             0x2000'80cc  0x190  Data  Gb  menu.o [1]
enable_interrupt          0x40'0e29    0xc  Code  Gb  v_it_management.o [1]
exit                      0x40'1cd3    0x4  Code  Gb  exit.o [2]
external_reset_disable    0x40'0b51    0xa  Code  Gb  v_utils.o [1]
external_reset_enable     0x40'0b49    0x8  Code  Gb  v_utils.o [1]
get_and_check_chipid      0x40'02cd   0x50  Code  Gb  menu.o [1]
interruptType           0x2000'85bc    0x4  Data  Lc  menu.o [1]
lowPowerMode            0x2000'85b8    0x4  Data  Lc  menu.o [1]
main                      0x40'16e3   0x9e  Code  Gb  main.o [1]
menu_choice_msg         0x2000'83cc  0x190  Data  Gb  menu.o [1]
menu_option_0             0x40'00d1   0x1e  Code  Gb  menu.o [1]
menu_option_1             0x40'00ef   0x2e  Code  Gb  menu.o [1]
menu_option_2             0x40'011d   0x2e  Code  Gb  menu.o [1]
menu_option_3             0x40'014b   0x36  Code  Gb  menu.o [1]
menu_option_4             0x40'0181   0x20  Code  Gb  menu.o [1]
menu_option_5             0x40'01a1   0x18  Code  Gb  menu.o [1]
menu_option_6             0x40'01b9   0x18  Code  Gb  menu.o [1]
menu_option_7             0x40'01d1   0x18  Code  Gb  menu.o [1]
menu_option_8             0x40'01e9   0x18  Code  Gb  menu.o [1]
message                 0x2000'855c   0x50  Data  Gb  menu.o [1]
new_vector_table        0x2000'8300   0xcc  Data  Gb  IAR_SAM3S_cstartup.o [1]
nvic_disable_it           0x40'15b9   0x2a  Code  Gb  v_nvic.o [1]
nvic_enable_it            0x40'1581   0x38  Code  Gb  v_nvic.o [1]
out                       0x40'0f31   0x18  Code  Lc  xprintftiny.o [2]
pio_clear                 0x40'0811    0x4  Code  Gb  pio.o [1]
pio_configure             0x40'0947   0x76  Code  Gb  pio.o [1]
pio_disable_interrupt     0x40'09c3    0x4  Code  Gb  pio.o [1]
pio_enable_interrupt      0x40'09bd    0x6  Code  Gb  pio.o [1]
pio_get                   0x40'0815   0x28  Code  Gb  pio.o [1]
pio_pull_up               0x40'0801    0xc  Code  Gb  pio.o [1]
pio_set                   0x40'080d    0x4  Code  Gb  pio.o [1]
pio_set_input             0x40'08c9   0x40  Code  Gb  pio.o [1]
pio_set_output            0x40'0909   0x3e  Code  Gb  pio.o [1]
pio_set_peripheral        0x40'083d   0x8c  Code  Gb  pio.o [1]
pio_toggle                0x40'0ecf    0xe  Code  Gb  v_pio.o [1]
pmc_disable_pllack        0x40'112b    0xa  Code  Gb  pmc.o [1]
pmc_enable_pck            0x40'12d7    0xc  Code  Gb  pmc.o [1]
pmc_enable_periph_clk     0x40'0edd   0x54  Code  Gb  pmc.o [1]
pmc_enable_pllack         0x40'10f5   0x36  Code  Gb  pmc.o [1]
pmc_switch_mainck_to_fastrc
                          0x40'1135   0x66  Code  Gb  pmc.o [1]
pmc_switch_mainck_to_xtal
                          0x40'119b   0x40  Code  Gb  pmc.o [1]
pmc_switch_mck_to_mainck
                          0x40'1229   0x4e  Code  Gb  pmc.o [1]
pmc_switch_mck_to_sclk    0x40'11db   0x4e  Code  Gb  pmc.o [1]
pmc_switch_pck_to_mainck
                          0x40'12a5   0x32  Code  Gb  pmc.o [1]
pmc_switch_pck_to_mck     0x40'13cd   0x3c  Code  Gb  v_pmc.o [1]
pmc_switch_pck_to_sclk    0x40'1277   0x2e  Code  Gb  pmc.o [1]
relocate_int_table        0x40'17c5   0x28  Code  Gb  v_relocate.o [1]
reset_source_msg          0x40'17ec   0x98  Data  Gb  v_utils.o [1]
rstc_software_reset       0x40'07f5    0xc  Code  Gb  rstc.o [1]
run_menu                  0x40'0565  0x100  Code  Gb  menu.o [1]
set_PCK_output            0x40'168f   0x54  Code  Gb  main.o [1]
set_clocks                0x40'0ba5  0x1ba  Code  Gb  v_utils.o [1]
sprintf                   0x40'0a41   0x40  Code  Gb  sprintf.o [2]
strlen                    0x40'15f1         Code  Gb  strlen.o [3]
supc_disable_brownout_detector
                          0x40'1505    0xe  Code  Gb  v_supc.o [1]
supc_disable_brownout_resetsignal
                          0x40'1521    0xe  Code  Gb  v_supc.o [1]
supc_disable_monitor_interrupt
                          0x40'1575    0xa  Code  Gb  v_supc.o [1]
supc_disable_monitor_reset
                          0x40'1561    0xa  Code  Gb  v_supc.o [1]
supc_disable_voltage_regulator
                          0x40'14e9    0xe  Code  Gb  v_supc.o [1]
supc_enable_brownout_detector
                          0x40'14f7    0xe  Code  Gb  v_supc.o [1]
supc_enable_brownout_resetsignal
                          0x40'1513    0xe  Code  Gb  v_supc.o [1]
supc_enable_monitor_interrupt
                          0x40'156b    0xa  Code  Gb  v_supc.o [1]
supc_enable_monitor_reset
                          0x40'1557    0xa  Code  Gb  v_supc.o [1]
supc_enable_voltage_regulator
                          0x40'14db    0xe  Code  Gb  v_supc.o [1]
supc_set_monitor_sampling_period
                          0x40'1543   0x14  Code  Gb  v_supc.o [1]
supc_set_monitor_threshold
                          0x40'152f   0x14  Code  Gb  v_supc.o [1]
supply_monitor_disable    0x40'0df1    0xc  Code  Gb  v_utils.o [1]
supply_monitor_enable     0x40'0dcd   0x24  Code  Gb  v_utils.o [1]
uart_enable_interrupt     0x40'0acd    0x4  Code  Gb  uart.o [1]
uart_enable_rx            0x40'0ac1    0x6  Code  Gb  uart.o [1]
uart_enable_tx            0x40'0abb    0x6  Code  Gb  uart.o [1]
uart_init                 0x40'0a81   0x3a  Code  Gb  uart.o [1]
uart_is_tx_empty          0x40'0adb    0xa  Code  Gb  uart.o [1]
uart_is_tx_ready          0x40'0ad1    0xa  Code  Gb  uart.o [1]
uart_read                 0x40'0afb   0x14  Code  Gb  uart.o [1]
uart_reset_rx             0x40'0ac7    0x6  Code  Gb  uart.o [1]
uart_write                0x40'0ae5   0x16  Code  Gb  uart.o [1]
v_pmc_enable_pllbck       0x40'1409   0x26  Code  Gb  v_pmc.o [1]
v_pmc_switch_mck_to_mainck
                          0x40'130d   0x50  Code  Gb  v_pmc.o [1]
v_pmc_switch_mck_to_pllack
                          0x40'135d   0x70  Code  Gb  v_pmc.o [1]
v_pmc_switch_mck_to_pllbck
                          0x40'142f   0x8c  Code  Gb  v_pmc.o [1]
wait_loop                 0x40'0d7f   0x18  Code  Gb  v_utils.o [1]
wait_time                 0x40'0d99   0x22  Code  Gb  v_utils.o [1]
wait_time_loop            0x40'14d1    0xa  Code  Gb  v_utils.o [1]
watchdog_enable           0x40'0b5b   0x4a  Code  Gb  v_utils.o [1]
wdt_disable               0x40'10e9    0xc  Code  Gb  v_wdt.o [1]
wdt_enable                0x40'1079   0x6c  Code  Gb  v_wdt.o [1]


[1] = D:\Documents\Cours\EMSE\3A\Embedded_Systems\Debug\Projets\LowPower\SAM4S_V_ADC\compil\FLASH\Obj
[2] = dl7M_tln.a
[3] = rt7M_tl.a

  6 170 bytes of readonly  code memory
  1 740 bytes of readonly  data memory
  2 752 bytes of readwrite data memory (+ 400 absolute)

Errors: none
Warnings: none
