###############################################################################
#
# IAR ELF Linker V7.40.1.8447/W32 for ARM                 12/Oct/2018  10:37:15
# Copyright 2007-2015 IAR Systems AB.
#
#    Output file  =  
#        C:\Users\M43527\Box
#        Sync\Home\Dev\advanced_debug\SAM4S_V_ADC\compil\FLASH\Exe\SAM4S_V_ADC.out.tmp
#    Map file     =  
#        C:\Users\M43527\Box
#        Sync\Home\Dev\advanced_debug\SAM4S_V_ADC\compil\FLASH\List\SAM4S_V_ADC.map
#    Command line =  
#        "C:\Users\M43527\Box
#        Sync\Home\Dev\advanced_debug\SAM4S_V_ADC\compil\FLASH\Obj\IAR_SAM3S_cstartup.o"
#        "C:\Users\M43527\Box
#        Sync\Home\Dev\advanced_debug\SAM4S_V_ADC\compil\FLASH\Obj\main.o"
#        "C:\Users\M43527\Box
#        Sync\Home\Dev\advanced_debug\SAM4S_V_ADC\compil\FLASH\Obj\menu.o"
#        "C:\Users\M43527\Box
#        Sync\Home\Dev\advanced_debug\SAM4S_V_ADC\compil\FLASH\Obj\pio.o"
#        "C:\Users\M43527\Box
#        Sync\Home\Dev\advanced_debug\SAM4S_V_ADC\compil\FLASH\Obj\pmc.o"
#        "C:\Users\M43527\Box
#        Sync\Home\Dev\advanced_debug\SAM4S_V_ADC\compil\FLASH\Obj\rstc.o"
#        "C:\Users\M43527\Box
#        Sync\Home\Dev\advanced_debug\SAM4S_V_ADC\compil\FLASH\Obj\uart.o"
#        "C:\Users\M43527\Box
#        Sync\Home\Dev\advanced_debug\SAM4S_V_ADC\compil\FLASH\Obj\v_debug.o"
#        "C:\Users\M43527\Box
#        Sync\Home\Dev\advanced_debug\SAM4S_V_ADC\compil\FLASH\Obj\v_it_management.o"
#        "C:\Users\M43527\Box
#        Sync\Home\Dev\advanced_debug\SAM4S_V_ADC\compil\FLASH\Obj\v_nvic.o"
#        "C:\Users\M43527\Box
#        Sync\Home\Dev\advanced_debug\SAM4S_V_ADC\compil\FLASH\Obj\v_pio.o"
#        "C:\Users\M43527\Box
#        Sync\Home\Dev\advanced_debug\SAM4S_V_ADC\compil\FLASH\Obj\v_pmc.o"
#        "C:\Users\M43527\Box
#        Sync\Home\Dev\advanced_debug\SAM4S_V_ADC\compil\FLASH\Obj\v_relocate.o"
#        "C:\Users\M43527\Box
#        Sync\Home\Dev\advanced_debug\SAM4S_V_ADC\compil\FLASH\Obj\v_supc.o"
#        "C:\Users\M43527\Box
#        Sync\Home\Dev\advanced_debug\SAM4S_V_ADC\compil\FLASH\Obj\v_usart.o"
#        "C:\Users\M43527\Box
#        Sync\Home\Dev\advanced_debug\SAM4S_V_ADC\compil\FLASH\Obj\v_utils.o"
#        "C:\Users\M43527\Box
#        Sync\Home\Dev\advanced_debug\SAM4S_V_ADC\compil\FLASH\Obj\v_wdt.o"
#        --redirect _Printf=_PrintfTiny --redirect _Scanf=_ScanfSmall -o
#        "C:\Users\M43527\Box
#        Sync\Home\Dev\advanced_debug\SAM4S_V_ADC\compil\FLASH\Exe\SAM4S_V_ADC.out.tmp"
#        --map "C:\Users\M43527\Box
#        Sync\Home\Dev\advanced_debug\SAM4S_V_ADC\compil\FLASH\List\SAM4S_V_ADC.map"
#        --config "C:\Users\M43527\Box
#        Sync\Home\Dev\advanced_debug\SAM4S_V_ADC\compil\..\..\__Link\IAR\SAM4S16_FLASH_default.icf"
#        --keep=__checksum --entry __iar_program_start --place_holder
#        __checksum,4,.checksum,4 --define_symbol __checksum_begin=0x400000
#        --define_symbol __checksum_end=0x407fdf --vfe
#
###############################################################################

*******************************************************************************
*** RUNTIME MODEL ATTRIBUTES
***

CppFlavor       = *
__SystemLibrary = DLib


*******************************************************************************
*** PLACEMENT SUMMARY
***

"A1":  place at 0x00407ffc { ro section .checksum };
"A2":  place at 0x00407fe0 { ro section .info_section };
"A3":  place at 0x00400000 { ro section .intvec };
"P1":  place in [from 0x00400000 to 0x00407fdf] { ro };
"P2":  place in [from 0x20007fe0 to 0x2001ffff] { rw, block CSTACK };

  Section                 Kind        Address    Size  Object
  -------                 ----        -------    ----  ------
"A3":                                            0xcc
  .intvec                 const    0x00400000    0xcc  IAR_SAM3S_cstartup.o [1]
                                 - 0x004000cc    0xcc

"P1":                                          0x21b0
  .text                   ro code  0x004000cc   0x7c0  menu.o [1]
  .text                   ro code  0x0040088c    0x8c  v_debug.o [1]
  .text                   ro code  0x00400918     0xc  rstc.o [1]
  .prg_used_drv_functions
                          ro code  0x00400924   0x1ca  pio.o [1]
  .text                   ro code  0x00400aee    0x22  zero_init3.o [4]
  .text                   ro code  0x00400b10    0x34  sprintf.o [3]
  .text                   ro code  0x00400b44    0x8e  uart.o [1]
  .prg_used_drv_functions
                          ro code  0x00400bd2     0xe  v_pio.o [1]
  .prg_used_utils_functions
                          ro code  0x00400be0   0x2e4  v_utils.o [1]
  .prg_used_utils_functions
                          ro code  0x00400ec4    0x18  v_it_management.o [1]
  .text                   ro code  0x00400edc    0x66  ABImemset.o [4]
  .text                   ro code  0x00400f42     0xa  xsprout.o [3]
  .text                   ro code  0x00400f4c    0x28  v_utils.o [1]
  .text                   ro code  0x00400f74     0xc  menu.o [1]
  .prg_used_drv_functions
                          ro code  0x00400f80    0x54  pmc.o [1]
  .text                   ro code  0x00400fd4   0x14e  xprintftiny.o [3]
  .prg_used_drv_functions
                          ro code  0x00401124    0x70  v_wdt.o [1]
  .text                   ro code  0x00401194   0x260  pmc.o [1]
  .text                   ro code  0x004013f4   0x1d8  v_pmc.o [1]
  .wait_time              ro code  0x004015cc     0xa  v_utils.o [1]
  .prg_used_drv_functions
                          ro code  0x004015d6    0xbc  v_supc.o [1]
  .prg_used_drv_functions
                          ro code  0x00401694    0x74  v_nvic.o [1]
  .text                   ro code  0x00401708    0x36  strlen.o [4]
  .text                   ro code  0x00401740   0x174  main.o [1]
  .prg_used_utils_functions
                          ro code  0x004018b4    0x28  v_relocate.o [1]
  .text                   ro code  0x004018dc    0xaa  IAR_SAM3S_cstartup.o [1]
  .rodata                 const    0x00401988    0x98  v_utils.o [1]
  .rodata                 const    0x00401a20    0x40  menu.o [1]
  .rodata                 const    0x00401a60    0x40  menu.o [1]
  .rodata                 const    0x00401aa0    0x3c  menu.o [1]
  .rodata                 const    0x00401adc    0x38  menu.o [1]
  .rodata                 const    0x00401b14    0x34  menu.o [1]
  .rodata                 const    0x00401b48    0x30  menu.o [1]
  .rodata                 const    0x00401b78    0x30  menu.o [1]
  .rodata                 const    0x00401ba8    0x2c  menu.o [1]
  .rodata                 const    0x00401bd4    0x2c  menu.o [1]
  .rodata                 const    0x00401c00    0x2c  menu.o [1]
  .rodata                 const    0x00401c2c    0x2c  menu.o [1]
  .text                   ro code  0x00401c58    0x2c  copy_init3.o [4]
  .rodata                 const    0x00401c84    0x28  menu.o [1]
  .rodata                 const    0x00401cac    0x28  menu.o [1]
  .text                   ro code  0x00401cd4    0x28  data_init.o [4]
  .rodata                 const    0x00401cfc    0x24  main.o [1]
  .rodata                 const    0x00401d20    0x24  main.o [1]
  .rodata                 const    0x00401d44    0x24  menu.o [1]
  .rodata                 const    0x00401d68    0x24  menu.o [1]
  .rodata                 const    0x00401d8c    0x24  menu.o [1]
  .rodata                 const    0x00401db0    0x24  menu.o [1]
  .iar.init_table         const    0x00401dd4    0x2c  - Linker created -
  .rodata                 const    0x00401e00    0x1c  menu.o [1]
  .rodata                 const    0x00401e1c    0x1c  menu.o [1]
  .rodata                 const    0x00401e38    0x1c  menu.o [1]
  .text                   ro code  0x00401e54    0x1a  cmain.o [4]
  .text                   ro code  0x00401e6e     0x4  exit.o [3]
  .text                   ro code  0x00401e74     0xa  cexit.o [4]
  .text                   ro code  0x00401e80     0xc  XXexit.o [4]
  .rodata                 const    0x00401e8c    0x18  menu.o [1]
  .rodata                 const    0x00401ea4    0x14  menu.o [1]
  .rodata                 const    0x00401eb8    0x14  menu.o [1]
  .rodata                 const    0x00401ecc    0x14  menu.o [1]
  .rodata                 const    0x00401ee0    0x10  menu.o [1]
  .rodata                 const    0x00401ef0    0x10  menu.o [1]
  .text                   ro code  0x00401f00     0xc  cstartup_M.o [4]
  .rodata                 const    0x00401f0c     0x8  main.o [1]
  .rodata                 const    0x00401f14     0x8  main.o [1]
  .rodata                 const    0x00401f1c     0x8  menu.o [1]
  .rodata                 const    0x00401f24     0x0  zero_init3.o [4]
  .rodata                 const    0x00401f24     0x0  copy_init3.o [4]
  Initializer bytes       const    0x00401f24   0x358  <for P2 s0> (used: 0x25c)
                                 - 0x0040227c  0x21b0

"A2":                                            0x1c
  .info_section           const    0x00407fe0     0xc  main.o [1]
  .info_section           const    0x00407ff0     0xc  main.o [1]
                                 - 0x00407ffc    0x1c

"A1":                                             0x4
  .checksum               const    0x00407ffc     0x4  Place holder __checksum
                                 - 0x00408000     0x4

Absolute sections:                              0x190
  .bss                    zero     0x200080cc   0x190  menu.o [1]
                                 - 0x2000825c   0x190

"P2":                                           0xad4
  P2 s0                            0x20008270   0x270  <Init block>
    .data                 inited   0x20008270   0x190  menu.o [1]
    .data                 inited   0x20008400    0xcc  IAR_SAM3S_cstartup.o [1]
  .bss                    zero     0x200084cc    0x50  menu.o [1]
  .bss                    zero     0x2000851c     0x4  main.o [1]
  .bss                    zero     0x20008520     0x4  main.o [1]
  .bss                    zero     0x20008524     0x4  menu.o [1]
  .bss                    zero     0x20008528     0x4  menu.o [1]
  .bss                    zero     0x2000852c     0x4  menu.o [1]
  CSTACK                           0x20008530   0x800  <Block>
    CSTACK                uninit   0x20008530   0x800  <Block tail>
                                 - 0x20008d30   0xad4


*******************************************************************************
*** INIT TABLE
***

          Address     Size
          -------     ----
Zero (__iar_zero_init3)
    2 destination ranges, total size 0x1f4:
          0x200080cc  0x190
          0x200084cc   0x64

Copy (__iar_copy_init3)
    1 source range, total size 0x358 (141% of destination):
          0x00401f24  0x358
    1 destination range, total size 0x25c:
          0x20008270  0x25c



*******************************************************************************
*** MODULE SUMMARY
***

    Module                ro code  ro data  rw data  rw data
                                                      (abs)
    ------                -------  -------  -------  -------
C:\Users\M43527\Box Sync\Home\Dev\advanced_debug\SAM4S_V_ADC\compil\FLASH\Obj: [1]
    IAR_SAM3S_cstartup.o      170      408      204
    main.o                    372      112        8
    menu.o                  1 996    1 400      492      400
    pio.o                     458
    pmc.o                     692
    rstc.o                     12
    uart.o                    142
    v_debug.o                 140
    v_it_management.o          24
    v_nvic.o                  116
    v_pio.o                    14
    v_pmc.o                   472
    v_relocate.o               40
    v_supc.o                  188
    v_utils.o                 790      152
    v_wdt.o                   112
    --------------------------------------------------------
    Total:                  5 738    2 072      704      400

command line: [2]
    --------------------------------------------------------
    Total:

dl7M_tln.a: [3]
    exit.o                      4
    sprintf.o                  52
    xprintftiny.o             334
    xsprout.o                  10
    --------------------------------------------------------
    Total:                    400

rt7M_tl.a: [4]
    ABImemset.o               102
    XXexit.o                   12
    cexit.o                    10
    cmain.o                    26
    copy_init3.o               44
    cstartup_M.o               12
    data_init.o                40
    strlen.o                   54
    zero_init3.o               34
    --------------------------------------------------------
    Total:                    334

    Gaps                       10        6
    Linker created                     296    2 048
------------------------------------------------------------
    Grand Total:            6 482    2 378    2 752      400


*******************************************************************************
*** ENTRY LIST
***

Entry                      Address   Size  Type      Object
-----                      -------   ----  ----      ------
.iar.init_table$$Base   0x00401dd4          --   Gb  - Linker created -
.iar.init_table$$Limit  0x00401e00          --   Gb  - Linker created -
?main                   0x00401e55         Code  Gb  cmain.o [4]
ACC_IrqHandler          0x00401985    0x2  Code  Wk  IAR_SAM3S_cstartup.o [1]
ADC_IrqHandler          0x00401985    0x2  Code  Wk  IAR_SAM3S_cstartup.o [1]
BusFault_Handler        0x00401977    0x2  Code  Wk  IAR_SAM3S_cstartup.o [1]
CRCCU_IrqHandler        0x00401985    0x2  Code  Wk  IAR_SAM3S_cstartup.o [1]
CSTACK$$Base            0x20008530          --   Gb  - Linker created -
CSTACK$$Limit           0x20008d30          --   Gb  - Linker created -
DACC_IrqHandler         0x00401985    0x2  Code  Wk  IAR_SAM3S_cstartup.o [1]
DEBUG_Initialize        0x004008c1   0x50  Code  Gb  v_debug.o [1]
DEBUG_Printk            0x0040089b   0x26  Code  Gb  v_debug.o [1]
DEBUG_Ready             0x0040088d    0xe  Code  Gb  v_debug.o [1]
DebugMon_Handler        0x0040197d    0x2  Code  Wk  IAR_SAM3S_cstartup.o [1]
Dummy_Handler           0x00401985    0x2  Code  Gb  IAR_SAM3S_cstartup.o [1]
EEFC_IrqHandler         0x00401985    0x2  Code  Wk  IAR_SAM3S_cstartup.o [1]
Exit_LP_Mode            0x004005d9   0x58  Code  Lc  menu.o [1]
HSMCI_IrqHandler        0x00401985    0x2  Code  Wk  IAR_SAM3S_cstartup.o [1]
HardFault_Handler       0x00401973    0x2  Code  Wk  IAR_SAM3S_cstartup.o [1]
IrqHandlerNotUsed       0x00401983    0x2  Code  Wk  IAR_SAM3S_cstartup.o [1]
MCK_clock_speed         0x2000851c    0x4  Data  Gb  main.o [1]
MemManage_Handler       0x00401975    0x2  Code  Wk  IAR_SAM3S_cstartup.o [1]
MenuChoice              0x20008524    0x4  Data  Gb  menu.o [1]
NMI_Handler             0x00401971    0x2  Code  Wk  IAR_SAM3S_cstartup.o [1]
PIOA_IrqHandler         0x00400329   0x56  Code  Gb  menu.o [1]
PIOB_IrqHandler         0x00401985    0x2  Code  Wk  IAR_SAM3S_cstartup.o [1]
PIOC_IrqHandler         0x00401985    0x2  Code  Wk  IAR_SAM3S_cstartup.o [1]
PIO_Init                0x00401741   0x60  Code  Gb  main.o [1]
PMC_IrqHandler          0x00401985    0x2  Code  Wk  IAR_SAM3S_cstartup.o [1]
PWM_IrqHandler          0x00401985    0x2  Code  Wk  IAR_SAM3S_cstartup.o [1]
PendSV_Handler          0x0040197f    0x2  Code  Wk  IAR_SAM3S_cstartup.o [1]
Print_device_info       0x00400253   0x82  Code  Gb  menu.o [1]
Print_menu              0x00400219   0x3a  Code  Gb  menu.o [1]
RSTC_IrqHandler         0x00401985    0x2  Code  Wk  IAR_SAM3S_cstartup.o [1]
RTC_IrqHandler          0x00401985    0x2  Code  Wk  IAR_SAM3S_cstartup.o [1]
RTT_IrqHandler          0x00401985    0x2  Code  Wk  IAR_SAM3S_cstartup.o [1]
Region$$Table$$Base     0x00401dd4          --   Gb  - Linker created -
Region$$Table$$Limit    0x00401e00          --   Gb  - Linker created -
SMC_IrqHandler          0x00401985    0x2  Code  Wk  IAR_SAM3S_cstartup.o [1]
SPI_IrqHandler          0x00401985    0x2  Code  Wk  IAR_SAM3S_cstartup.o [1]
SSC_IrqHandler          0x00401985    0x2  Code  Wk  IAR_SAM3S_cstartup.o [1]
SUPC_IrqHandler         0x00401985    0x2  Code  Wk  IAR_SAM3S_cstartup.o [1]
SVC_Handler             0x0040197b    0x2  Code  Wk  IAR_SAM3S_cstartup.o [1]
SysTick_Handler         0x00401981    0x2  Code  Wk  IAR_SAM3S_cstartup.o [1]
TC0_IrqHandler          0x00401985    0x2  Code  Wk  IAR_SAM3S_cstartup.o [1]
TC1_IrqHandler          0x00401985    0x2  Code  Wk  IAR_SAM3S_cstartup.o [1]
TC2_IrqHandler          0x00401985    0x2  Code  Wk  IAR_SAM3S_cstartup.o [1]
TC3_IrqHandler          0x00401985    0x2  Code  Wk  IAR_SAM3S_cstartup.o [1]
TC4_IrqHandler          0x00401985    0x2  Code  Wk  IAR_SAM3S_cstartup.o [1]
TC5_IrqHandler          0x00401985    0x2  Code  Wk  IAR_SAM3S_cstartup.o [1]
TWI0_IrqHandler         0x00401985    0x2  Code  Wk  IAR_SAM3S_cstartup.o [1]
TWI1_IrqHandler         0x00401985    0x2  Code  Wk  IAR_SAM3S_cstartup.o [1]
UART0_IrqHandler        0x00401985    0x2  Code  Wk  IAR_SAM3S_cstartup.o [1]
UART1_IrqHandler        0x00400201   0x18  Code  Gb  menu.o [1]
USART0_IrqHandler       0x00401985    0x2  Code  Wk  IAR_SAM3S_cstartup.o [1]
USART1_IrqHandler       0x00401985    0x2  Code  Wk  IAR_SAM3S_cstartup.o [1]
USBD_IrqHandler         0x00401985    0x2  Code  Wk  IAR_SAM3S_cstartup.o [1]
UsageFault_Handler      0x00401979    0x2  Code  Wk  IAR_SAM3S_cstartup.o [1]
Valid_DebugTrace        0x00400f75    0xc  Code  Gb  menu.o [1]
WDT_IrqHandler          0x00401985    0x2  Code  Wk  IAR_SAM3S_cstartup.o [1]
_EnterBackupMode        0x00400479   0x4a  Code  Lc  menu.o [1]
_EnterSleepMode         0x00400575   0x60  Code  Lc  menu.o [1]
_EnterWaitMode          0x004004c3   0xac  Code  Lc  menu.o [1]
_Init_Pushbutton_Trigger
                        0x0040037f   0x46  Code  Lc  menu.o [1]
_LowPower_Prepare       0x004003c5   0xb4  Code  Lc  menu.o [1]
_PrintfTiny             0x00400fed  0x136  Code  Gb  xprintftiny.o [3]
_SProut                 0x00400f43    0xa  Code  Gb  xsprout.o [3]
__WFI                   0x004000cd    0x4  Code  Lc  menu.o [1]
__aeabi_memset          0x00400edd         Code  Gb  ABImemset.o [4]
__checksum              0x00407ffc    0x4  Data  Gb  Place holder __checksum
__checksum_begin {Abs}  0x00400000          --   Gb  command line/config [2]
__checksum_end {Abs}    0x00407fdf          --   Gb  command line/config [2]
__cmain                 0x00401e55         Code  Gb  cmain.o [4]
__exit                  0x00401e81         Code  Gb  XXexit.o [4]
__iar_Memset            0x00400edd         Code  Gb  ABImemset.o [4]
__iar_Memset_word       0x00400ee5         Code  Gb  ABImemset.o [4]
__iar_copy_init3        0x00401c59   0x2c  Code  Gb  copy_init3.o [4]
__iar_data_init3        0x00401cd5   0x28  Code  Gb  data_init.o [4]
__iar_program_start     0x00401f01         Code  Gb  cstartup_M.o [4]
__iar_zero_init3        0x00400aef   0x22  Code  Gb  zero_init3.o [4]
__low_level_init        0x004018dd   0x76  Code  Gb  IAR_SAM3S_cstartup.o [1]
__vector_table          0x00400000   0xcc  Data  Gb  IAR_SAM3S_cstartup.o [1]
_call_main              0x00401e61         Code  Gb  cmain.o [4]
_date                   0x00407fe0    0xc  Data  Gb  main.o [1]
_exit                   0x00401e75         Code  Gb  cexit.o [4]
_main                   0x00401e6b         Code  Gb  cmain.o [4]
_time                   0x00407ff0    0xc  Data  Gb  main.o [1]
binary_tag              0x20008520    0x4  Data  Gb  main.o [1]
brownout_detector_enable
                        0x00400e59   0x10  Code  Gb  v_utils.o [1]
check_reset_source      0x00400df3   0x28  Code  Gb  v_utils.o [1]
config_clocks           0x00400f4d   0x28  Code  Gb  v_utils.o [1]
disable_interrupt       0x00400ed1    0xc  Code  Gb  v_it_management.o [1]
dummy_table             0x200080cc  0x190  Data  Gb  menu.o [1]
enable_interrupt        0x00400ec5    0xc  Code  Gb  v_it_management.o [1]
exit                    0x00401e6f    0x4  Code  Gb  exit.o [3]
external_reset_disable  0x00400be9    0xa  Code  Gb  v_utils.o [1]
external_reset_enable   0x00400be1    0x8  Code  Gb  v_utils.o [1]
get_and_check_chipid    0x004002d5   0x50  Code  Gb  menu.o [1]
interruptType           0x2000852c    0x4  Data  Lc  menu.o [1]
lowPowerMode            0x20008528    0x4  Data  Lc  menu.o [1]
main                    0x004017f3   0x80  Code  Gb  main.o [1]
menu_choice_msg         0x20008270  0x190  Data  Gb  menu.o [1]
menu_option_0           0x004000d1   0x1e  Code  Gb  menu.o [1]
menu_option_1           0x004000ef   0x2e  Code  Gb  menu.o [1]
menu_option_2           0x0040011d   0x2e  Code  Gb  menu.o [1]
menu_option_3           0x0040014b   0x36  Code  Gb  menu.o [1]
menu_option_4           0x00400181   0x20  Code  Gb  menu.o [1]
menu_option_5           0x004001a1   0x18  Code  Gb  menu.o [1]
menu_option_6           0x004001b9   0x18  Code  Gb  menu.o [1]
menu_option_7           0x004001d1   0x18  Code  Gb  menu.o [1]
menu_option_8           0x004001e9   0x18  Code  Gb  menu.o [1]
message                 0x200084cc   0x50  Data  Gb  menu.o [1]
new_vector_table        0x20008400   0xcc  Data  Gb  IAR_SAM3S_cstartup.o [1]
nvic_disable_it         0x004016cf   0x2e  Code  Gb  v_nvic.o [1]
nvic_enable_it          0x00401695   0x3a  Code  Gb  v_nvic.o [1]
out                     0x00400fd5   0x18  Code  Lc  xprintftiny.o [3]
pio_clear               0x00400935    0x4  Code  Gb  pio.o [1]
pio_configure           0x00400a71   0x74  Code  Gb  pio.o [1]
pio_disable_interrupt   0x00400aeb    0x4  Code  Gb  pio.o [1]
pio_enable_interrupt    0x00400ae5    0x6  Code  Gb  pio.o [1]
pio_get                 0x00400939   0x28  Code  Gb  pio.o [1]
pio_pull_up             0x00400925    0xc  Code  Gb  pio.o [1]
pio_set                 0x00400931    0x4  Code  Gb  pio.o [1]
pio_set_input           0x004009f3   0x40  Code  Gb  pio.o [1]
pio_set_output          0x00400a33   0x3e  Code  Gb  pio.o [1]
pio_set_peripheral      0x00400961   0x92  Code  Gb  pio.o [1]
pio_toggle              0x00400bd3    0xe  Code  Gb  v_pio.o [1]
pmc_disable_pllack      0x004011c9    0xa  Code  Gb  pmc.o [1]
pmc_enable_pck          0x004013c1    0xc  Code  Gb  pmc.o [1]
pmc_enable_periph_clk   0x00400f81   0x54  Code  Gb  pmc.o [1]
pmc_enable_pllack       0x00401195   0x34  Code  Gb  pmc.o [1]
pmc_switch_mainck_to_fastrc
                        0x004011d3   0x82  Code  Gb  pmc.o [1]
pmc_switch_mainck_to_xtal
                        0x00401255   0x50  Code  Gb  pmc.o [1]
pmc_switch_mck_to_mainck
                        0x00401305   0x58  Code  Gb  pmc.o [1]
pmc_switch_mck_to_sclk  0x004012a5   0x60  Code  Gb  pmc.o [1]
pmc_switch_pck_to_mainck
                        0x0040138d   0x34  Code  Gb  pmc.o [1]
pmc_switch_pck_to_mck   0x004014c1   0x3e  Code  Gb  v_pmc.o [1]
pmc_switch_pck_to_sclk  0x0040135d   0x30  Code  Gb  pmc.o [1]
relocate_int_table      0x004018b5   0x28  Code  Gb  v_relocate.o [1]
reset_source_msg        0x00401988   0x98  Data  Gb  v_utils.o [1]
rstc_software_reset     0x00400919    0xc  Code  Gb  rstc.o [1]
run_menu                0x00400631  0x140  Code  Gb  menu.o [1]
set_PCK_output          0x004017a1   0x52  Code  Gb  main.o [1]
set_clocks              0x00400c41  0x1b2  Code  Gb  v_utils.o [1]
sprintf                 0x00400b11   0x34  Code  Gb  sprintf.o [3]
strlen                  0x00401709         Code  Gb  strlen.o [4]
supc_disable_brownout_detector
                        0x00401607   0x10  Code  Gb  v_supc.o [1]
supc_disable_brownout_resetsignal
                        0x00401627   0x10  Code  Gb  v_supc.o [1]
supc_disable_monitor_interrupt
                        0x00401687    0xc  Code  Gb  v_supc.o [1]
supc_disable_monitor_reset
                        0x0040166f    0xc  Code  Gb  v_supc.o [1]
supc_disable_voltage_regulator
                        0x004015e7   0x10  Code  Gb  v_supc.o [1]
supc_enable_brownout_detector
                        0x004015f7   0x10  Code  Gb  v_supc.o [1]
supc_enable_brownout_resetsignal
                        0x00401617   0x10  Code  Gb  v_supc.o [1]
supc_enable_monitor_interrupt
                        0x0040167b    0xc  Code  Gb  v_supc.o [1]
supc_enable_monitor_reset
                        0x00401663    0xc  Code  Gb  v_supc.o [1]
supc_enable_voltage_regulator
                        0x004015d7   0x10  Code  Gb  v_supc.o [1]
supc_set_monitor_sampling_period
                        0x0040164d   0x16  Code  Gb  v_supc.o [1]
supc_set_monitor_threshold
                        0x00401637   0x16  Code  Gb  v_supc.o [1]
supply_monitor_disable  0x00400e8b    0xc  Code  Gb  v_utils.o [1]
supply_monitor_enable   0x00400e69   0x22  Code  Gb  v_utils.o [1]
uart_enable_interrupt   0x00400b93    0x4  Code  Gb  uart.o [1]
uart_enable_rx          0x00400b87    0x6  Code  Gb  uart.o [1]
uart_enable_tx          0x00400b81    0x6  Code  Gb  uart.o [1]
uart_init               0x00400b45   0x3c  Code  Gb  uart.o [1]
uart_is_tx_empty        0x00400ba1    0xa  Code  Gb  uart.o [1]
uart_is_tx_ready        0x00400b97    0xa  Code  Gb  uart.o [1]
uart_read               0x00400bbf   0x14  Code  Gb  uart.o [1]
uart_reset_rx           0x00400b8d    0x6  Code  Gb  uart.o [1]
uart_write              0x00400bab   0x14  Code  Gb  uart.o [1]
v_pmc_enable_pllbck     0x004014ff   0x24  Code  Gb  v_pmc.o [1]
v_pmc_switch_mck_to_mainck
                        0x004013f5   0x5e  Code  Gb  v_pmc.o [1]
v_pmc_switch_mck_to_pllack
                        0x00401453   0x6e  Code  Gb  v_pmc.o [1]
v_pmc_switch_mck_to_pllbck
                        0x00401523   0x92  Code  Gb  v_pmc.o [1]
wait_loop               0x00400e1b   0x18  Code  Gb  v_utils.o [1]
wait_time               0x00400e35   0x24  Code  Gb  v_utils.o [1]
wait_time_loop          0x004015cd    0xa  Code  Gb  v_utils.o [1]
watchdog_enable         0x00400bf3   0x4e  Code  Gb  v_utils.o [1]
wdt_disable             0x00401189    0xc  Code  Gb  v_wdt.o [1]
wdt_enable              0x00401125   0x60  Code  Gb  v_wdt.o [1]


[1] = C:\Users\M43527\Box Sync\Home\Dev\advanced_debug\SAM4S_V_ADC\compil\FLASH\Obj
[2] = command line
[3] = dl7M_tln.a
[4] = rt7M_tl.a

  6 482 bytes of readonly  code memory
  2 378 bytes of readonly  data memory
  2 752 bytes of readwrite data memory (+ 400 absolute)

Errors: none
Warnings: none
