###############################################################################
#
# IAR ELF Linker V8.30.2.160/W32 for ARM                  08/Oct/2018  03:48:19
# Copyright 2007-2018 IAR Systems AB.
#
#    Output file  =  
#        C:\DEV\advanced_debug\SAM4S_V_ADC\compil\ISRAM\Exe\SAM4S_V_ADC.out.tmp
#    Map file     =  
#        C:\DEV\advanced_debug\SAM4S_V_ADC\compil\ISRAM\List\SAM4S_V_ADC.map
#    Command line =  
#        -f C:\Users\yacou\AppData\Local\Temp\EWB078.tmp
#        (C:\DEV\advanced_debug\SAM4S_V_ADC\compil\ISRAM\Obj\IAR_SAM3S_cstartup.o
#        C:\DEV\advanced_debug\SAM4S_V_ADC\compil\ISRAM\Obj\main.o
#        C:\DEV\advanced_debug\SAM4S_V_ADC\compil\ISRAM\Obj\menu.o
#        C:\DEV\advanced_debug\SAM4S_V_ADC\compil\ISRAM\Obj\pio.o
#        C:\DEV\advanced_debug\SAM4S_V_ADC\compil\ISRAM\Obj\pmc.o
#        C:\DEV\advanced_debug\SAM4S_V_ADC\compil\ISRAM\Obj\rstc.o
#        C:\DEV\advanced_debug\SAM4S_V_ADC\compil\ISRAM\Obj\uart.o
#        C:\DEV\advanced_debug\SAM4S_V_ADC\compil\ISRAM\Obj\v_debug.o
#        C:\DEV\advanced_debug\SAM4S_V_ADC\compil\ISRAM\Obj\v_it_management.o
#        C:\DEV\advanced_debug\SAM4S_V_ADC\compil\ISRAM\Obj\v_nvic.o
#        C:\DEV\advanced_debug\SAM4S_V_ADC\compil\ISRAM\Obj\v_pio.o
#        C:\DEV\advanced_debug\SAM4S_V_ADC\compil\ISRAM\Obj\v_pmc.o
#        C:\DEV\advanced_debug\SAM4S_V_ADC\compil\ISRAM\Obj\v_relocate.o
#        C:\DEV\advanced_debug\SAM4S_V_ADC\compil\ISRAM\Obj\v_supc.o
#        C:\DEV\advanced_debug\SAM4S_V_ADC\compil\ISRAM\Obj\v_usart.o
#        C:\DEV\advanced_debug\SAM4S_V_ADC\compil\ISRAM\Obj\v_utils.o
#        C:\DEV\advanced_debug\SAM4S_V_ADC\compil\ISRAM\Obj\v_wdt.o --redirect
#        _Printf=_PrintfTiny --redirect _Scanf=_ScanfSmallNoMb
#        --no_out_extension -o
#        C:\DEV\advanced_debug\SAM4S_V_ADC\compil\ISRAM\Exe\SAM4S_V_ADC.out.tmp
#        --define_symbol _LINK_TO_ISRAM_=1 --map
#        C:\DEV\advanced_debug\SAM4S_V_ADC\compil\ISRAM\List\SAM4S_V_ADC.map
#        --log
#        libraries,initialization,modules,redirects,sections,veneers,unused_fragments
#        --log_file
#        C:\DEV\advanced_debug\SAM4S_V_ADC\compil\ISRAM\List\SAM4S_V_ADC.log
#        --config
#        C:\DEV\advanced_debug\SAM4S_V_ADC\compil\..\..\__Link\IAR\SAM4S16_ISRAM_default.icf
#        --keep=__checksum --entry __iar_program_start --place_holder
#        __checksum,4,.checksum,4 --define_symbol __checksum_begin=0x20000000
#        --define_symbol __checksum_end=0x20007fdf --vfe --text_out locale)
#
###############################################################################

*******************************************************************************
*** RUNTIME MODEL ATTRIBUTES
***

CppFlavor       = *
__SystemLibrary = DLib
__dlib_version  = 6


*******************************************************************************
*** HEAP SELECTION
***

The basic heap was selected because some modules are built with
size limitations (and not runtime checking), and --advanced_heap
was not specified.


*******************************************************************************
*** PLACEMENT SUMMARY
***

"A0":  place at 0x2000'7fe0 { ro section .info_section };
"A1":  place at 0x2000'7ffc { ro section .checksum };
"A2":  place at 0x2000'0000 { ro section .intvec };
"P1":  place in [from 0x2000'0000 to 0x2000'7fdf] { ro };
define block CSTACK with size = 2K, alignment = 4 { };
"P2":  place in [from 0x2000'7fe0 to 0x2001'ffff] { rw, block CSTACK };
initialize by copy { rw };

  Section                 Kind         Address    Size  Object
  -------                 ----         -------    ----  ------
"A2":                                             0xcc
  .intvec                 const    0x2000'0000    0xcc  IAR_SAM3S_cstartup.o [1]
                                 - 0x2000'00cc    0xcc

"P1":                                           0x1e10
  .text                   ro code  0x2000'00cc   0x6c4  menu.o [1]
  .text                   ro code  0x2000'0790    0x94  v_debug.o [1]
  .text                   ro code  0x2000'0824     0xc  rstc.o [1]
  .prg_used_drv_functions
                          ro code  0x2000'0830   0x1c6  pio.o [1]
  .text                   ro code  0x2000'09f6    0x7a  lz77_init_single.o [3]
  .text                   ro code  0x2000'0a70    0x40  sprintf.o [2]
  .text                   ro code  0x2000'0ab0    0x8e  uart.o [1]
  .text                   ro code  0x2000'0b3e    0x3a  zero_init3.o [3]
  .prg_used_utils_functions
                          ro code  0x2000'0b78   0x2e0  v_utils.o [1]
  .prg_used_utils_functions
                          ro code  0x2000'0e58    0x18  v_it_management.o [1]
  .text                   ro code  0x2000'0e70    0x28  v_utils.o [1]
  .text                   ro code  0x2000'0e98    0x66  ABImemset.o [3]
  .prg_used_drv_functions
                          ro code  0x2000'0efe     0xe  v_pio.o [1]
  .prg_used_drv_functions
                          ro code  0x2000'0f0c    0x54  pmc.o [1]
  .text                   ro code  0x2000'0f60   0x13e  xprintftiny.o [2]
  .text                   ro code  0x2000'109e     0xa  xsprout.o [2]
  .prg_used_drv_functions
                          ro code  0x2000'10a8    0x7c  v_wdt.o [1]
  .text                   ro code  0x2000'1124   0x218  pmc.o [1]
  .text                   ro code  0x2000'133c   0x1c4  v_pmc.o [1]
  .wait_time              ro code  0x2000'1500     0xa  v_utils.o [1]
  .prg_used_drv_functions
                          ro code  0x2000'150a    0xa4  v_supc.o [1]
  .text                   ro code  0x2000'15ae     0x2  IAR_SAM3S_cstartup.o [1]
  .prg_used_drv_functions
                          ro code  0x2000'15b0    0x70  v_nvic.o [1]
  .text                   ro code  0x2000'1620    0x36  strlen.o [3]
  .text                   ro code  0x2000'1656     0x2  IAR_SAM3S_cstartup.o [1]
  .text                   ro code  0x2000'1658   0x19c  main.o [1]
  .prg_used_utils_functions
                          ro code  0x2000'17f4    0x28  v_relocate.o [1]
  .rodata                 const    0x2000'181c    0x98  v_utils.o [1]
  .text                   ro code  0x2000'18b4    0x80  IAR_SAM3S_cstartup.o [1]
  .rodata                 const    0x2000'1934    0x40  menu.o [1]
  .rodata                 const    0x2000'1974    0x40  menu.o [1]
  .rodata                 const    0x2000'19b4    0x3c  menu.o [1]
  .rodata                 const    0x2000'19f0    0x38  menu.o [1]
  .rodata                 const    0x2000'1a28    0x34  menu.o [1]
  .rodata                 const    0x2000'1a5c    0x30  menu.o [1]
  .rodata                 const    0x2000'1a8c    0x30  menu.o [1]
  .rodata                 const    0x2000'1abc    0x2c  menu.o [1]
  .rodata                 const    0x2000'1ae8    0x2c  menu.o [1]
  .rodata                 const    0x2000'1b14    0x2c  menu.o [1]
  .rodata                 const    0x2000'1b40    0x2c  menu.o [1]
  .rodata                 const    0x2000'1b6c    0x28  menu.o [1]
  .rodata                 const    0x2000'1b94    0x28  menu.o [1]
  .text                   ro code  0x2000'1bbc    0x28  data_init.o [3]
  .rodata                 const    0x2000'1be4    0x24  main.o [1]
  .rodata                 const    0x2000'1c08    0x24  main.o [1]
  .rodata                 const    0x2000'1c2c    0x24  menu.o [1]
  .rodata                 const    0x2000'1c50    0x24  menu.o [1]
  .rodata                 const    0x2000'1c74    0x24  menu.o [1]
  .rodata                 const    0x2000'1c98    0x24  menu.o [1]
  .iar.init_table         const    0x2000'1cbc    0x28  - Linker created -
  .text                   ro code  0x2000'1ce4    0x1e  cmain.o [3]
  .text                   ro code  0x2000'1d02     0x4  exit.o [2]
  .text                   ro code  0x2000'1d06     0x2  IAR_SAM3S_cstartup.o [1]
  .text                   ro code  0x2000'1d08     0xa  cexit.o [3]
  .text                   ro code  0x2000'1d12     0x2  IAR_SAM3S_cstartup.o [1]
  .text                   ro code  0x2000'1d14     0xc  XXexit.o [3]
  .rodata                 const    0x2000'1d20    0x1c  menu.o [1]
  .rodata                 const    0x2000'1d3c    0x1c  menu.o [1]
  .rodata                 const    0x2000'1d58    0x18  menu.o [1]
  .rodata                 const    0x2000'1d70    0x14  menu.o [1]
  .rodata                 const    0x2000'1d84    0x14  menu.o [1]
  .rodata                 const    0x2000'1d98    0x10  menu.o [1]
  .rodata                 const    0x2000'1da8    0x10  menu.o [1]
  .text                   ro code  0x2000'1db8     0xc  cstartup_M.o [3]
  .rodata                 const    0x2000'1dc4     0x8  main.o [1]
  .rodata                 const    0x2000'1dcc     0x8  main.o [1]
  .rodata                 const    0x2000'1dd4     0x8  menu.o [1]
  .text                   ro code  0x2000'1ddc     0x2  IAR_SAM3S_cstartup.o [1]
  .text                   ro code  0x2000'1dde     0x2  IAR_SAM3S_cstartup.o [1]
  .text                   ro code  0x2000'1de0     0x2  IAR_SAM3S_cstartup.o [1]
  .text                   ro code  0x2000'1de2     0x2  IAR_SAM3S_cstartup.o [1]
  .text                   ro code  0x2000'1de4     0x2  IAR_SAM3S_cstartup.o [1]
  .rodata                 const    0x2000'1de6     0x0  zero_init3.o [3]
  .rodata                 const    0x2000'1de6     0x0  lz77_init_single.o [3]
  Initializer bytes       const    0x2000'1de6    0xf6  <for P2-1>
                                 - 0x2000'1edc  0x1e10

"A0":                                             0x1c
  .info_section           const    0x2000'7fe0     0xc  main.o [1]
  .info_section           const    0x2000'7ff0     0xc  main.o [1]
                                 - 0x2000'7ffc    0x1c

"A1":                                              0x4
  .checksum               const    0x2000'7ffc     0x4  Place holder __checksum
                                 - 0x2000'8000     0x4

"P2", part 1 of 3:                                0x64
  .bss                    zero     0x2000'8000    0x50  menu.o [1]
  .bss                    zero     0x2000'8050     0x4  main.o [1]
  .bss                    zero     0x2000'8054     0x4  main.o [1]
  .bss                    zero     0x2000'8058     0x4  menu.o [1]
  .bss                    zero     0x2000'805c     0x4  menu.o [1]
  .bss                    zero     0x2000'8060     0x4  menu.o [1]
                                 - 0x2000'8064    0x64

Absolute sections:                               0x190
  .bss                    zero     0x2000'80cc   0x190  menu.o [1]
                                 - 0x2000'825c   0x190

"P2", part 2 of 3:                               0x234
  P2-1                             0x2000'8300   0x234  <Init block>
    .data                 inited   0x2000'8300    0xcc  IAR_SAM3S_cstartup.o [1]
    .data                 inited   0x2000'83cc   0x168  menu.o [1]
                                 - 0x2000'8534   0x234

"P2", part 3 of 3:                               0x800
  CSTACK                           0x2000'8534   0x800  <Block>
    CSTACK                uninit   0x2000'8534   0x800  <Block tail>
                                 - 0x2000'8d34   0x800

Unused ranges:

         From           To      Size
         ----           --      ----
  0x2000'1edc  0x2000'7fdf    0x6104
  0x2000'8064  0x2000'80cb      0x68
  0x2000'825c  0x2000'82ff      0xa4
  0x2000'8d34  0x2001'ffff  0x1'72cc


*******************************************************************************
*** INIT TABLE
***

          Address      Size
          -------      ----
Zero (__iar_zero_init3)
    2 destination ranges, total size 0x1f4:
          0x2000'8000   0x64
          0x2000'80cc  0x190

Copy/lz77 (__iar_lz77_init_single3)
    1 source range, total size 0xf6 (43% of destination):
          0x2000'1de6   0xf6
    1 destination range, total size 0x234:
          0x2000'8300  0x234



*******************************************************************************
*** MODULE SUMMARY
***

    Module                   ro code  ro data  rw data  rw data
                                                         (abs)
    ------                   -------  -------  -------  -------
command line/config:
    Place holder __checksum                 4
    -----------------------------------------------------------
    Total:                                  4

C:\DEV\advanced_debug\SAM4S_V_ADC\compil\ISRAM\Obj: [1]
    IAR_SAM3S_cstartup.o         146      292      204
    main.o                       412      112        8
    menu.o                     1 732    1 110      452      400
    pio.o                        454
    pmc.o                        620
    rstc.o                        12
    uart.o                       142
    v_debug.o                    148
    v_it_management.o             24
    v_nvic.o                     112
    v_pio.o                       14
    v_pmc.o                      452
    v_relocate.o                  40
    v_supc.o                     164
    v_utils.o                    786      152
    v_wdt.o                      124
    -----------------------------------------------------------
    Total:                     5 382    1 666      664      400

dl7M_tln.a: [2]
    exit.o                         4
    sprintf.o                     64
    xprintftiny.o                318
    xsprout.o                     10
    -----------------------------------------------------------
    Total:                       396

rt7M_tl.a: [3]
    ABImemset.o                  102
    XXexit.o                      12
    cexit.o                       10
    cmain.o                       30
    cstartup_M.o                  12
    data_init.o                   40
    lz77_init_single.o           122
    strlen.o                      54
    zero_init3.o                  58
    -----------------------------------------------------------
    Total:                       440

    Gaps                                    4
    Linker created                         40    2 048
---------------------------------------------------------------
    Grand Total:               6 218    1 714    2 712      400


*******************************************************************************
*** ENTRY LIST
***

Entry                       Address   Size  Type      Object
-----                       -------   ----  ----      ------
.iar.init_table$$Base   0x2000'1cbc          --   Gb  - Linker created -
.iar.init_table$$Limit  0x2000'1ce4          --   Gb  - Linker created -
?main                   0x2000'1ce5         Code  Gb  cmain.o [3]
CSTACK$$Base            0x2000'8534          --   Gb  - Linker created -
CSTACK$$Limit           0x2000'8d34          --   Gb  - Linker created -
DEBUG_Initialize        0x2000'07c7   0x56  Code  Gb  v_debug.o [1]
DEBUG_Printk            0x2000'079f   0x28  Code  Gb  v_debug.o [1]
DEBUG_Ready             0x2000'0791    0xe  Code  Gb  v_debug.o [1]
Dummy_Handler           0x2000'1931    0x2  Code  Gb  IAR_SAM3S_cstartup.o [1]
Exit_LP_Mode            0x2000'052d   0x54  Code  Lc  menu.o [1]
MCK_clock_speed         0x2000'8050    0x4  Data  Gb  main.o [1]
MenuChoice              0x2000'8058    0x4  Data  Gb  menu.o [1]
PIOA_IrqHandler         0x2000'0321   0x4c  Code  Gb  menu.o [1]
PIO_Init                0x2000'1659   0x66  Code  Gb  main.o [1]
Print_device_info       0x2000'0253   0x7a  Code  Gb  menu.o [1]
Print_menu              0x2000'0219   0x3a  Code  Gb  menu.o [1]
Region$$Table$$Base     0x2000'1cbc          --   Gb  - Linker created -
Region$$Table$$Limit    0x2000'1ce4          --   Gb  - Linker created -
UART1_IrqHandler        0x2000'0201   0x18  Code  Gb  menu.o [1]
_EnterBackupMode        0x2000'0419   0x2e  Code  Lc  menu.o [1]
_EnterSleepMode         0x2000'04cf   0x5a  Code  Lc  menu.o [1]
_EnterWaitMode          0x2000'0447   0x88  Code  Lc  menu.o [1]
_Init_Pushbutton_Trigger
                        0x2000'036d   0x3e  Code  Lc  menu.o [1]
_LINK_TO_ISRAM_ {Abs}           0x1         Data  Gb  <internal module>
_LowPower_Prepare       0x2000'03ab   0x6e  Code  Lc  menu.o [1]
_PrintfTiny             0x2000'0f79  0x126  Code  Gb  xprintftiny.o [2]
_SProut                 0x2000'109f    0xa  Code  Gb  xsprout.o [2]
__WFI                   0x2000'00cd    0x4  Code  Lc  menu.o [1]
__aeabi_memset          0x2000'0e99         Code  Gb  ABImemset.o [3]
__checksum              0x2000'7ffc    0x4  Data  Gb  Place holder __checksum
__checksum_begin {Abs}  0x2000'0000         Data  Gb  <internal module>
__checksum_end {Abs}    0x2000'7fdf         Data  Gb  <internal module>
__cmain                 0x2000'1ce5         Code  Gb  cmain.o [3]
__exit                  0x2000'1d15         Code  Gb  XXexit.o [3]
__iar_Memset            0x2000'0e99         Code  Gb  ABImemset.o [3]
__iar_Memset_word       0x2000'0ea1         Code  Gb  ABImemset.o [3]
__iar_data_init3        0x2000'1bbd   0x28  Code  Gb  data_init.o [3]
__iar_lz77_init_single3
                        0x2000'09f7   0x7a  Code  Gb  lz77_init_single.o [3]
__iar_program_start     0x2000'1db9         Code  Gb  cstartup_M.o [3]
__iar_zero_init3        0x2000'0b3f   0x3a  Code  Gb  zero_init3.o [3]
__low_level_init        0x2000'18b5   0x5e  Code  Gb  IAR_SAM3S_cstartup.o [1]
__vector_table          0x2000'0000   0xcc  Data  Gb  IAR_SAM3S_cstartup.o [1]
_call_main              0x2000'1cf1         Code  Gb  cmain.o [3]
_date                   0x2000'7fe0    0xc  Data  Gb  main.o [1]
_exit                   0x2000'1d09         Code  Gb  cexit.o [3]
_main                   0x2000'1cff         Code  Gb  cmain.o [3]
_time                   0x2000'7ff0    0xc  Data  Gb  main.o [1]
binary_tag              0x2000'8054    0x4  Data  Gb  main.o [1]
brownout_detector_enable
                        0x2000'0deb   0x12  Code  Gb  v_utils.o [1]
check_reset_source      0x2000'0d8f   0x20  Code  Gb  v_utils.o [1]
config_clocks           0x2000'0e71   0x28  Code  Gb  v_utils.o [1]
disable_interrupt       0x2000'0e65    0xc  Code  Gb  v_it_management.o [1]
dummy_table             0x2000'80cc  0x190  Data  Gb  menu.o [1]
enable_interrupt        0x2000'0e59    0xc  Code  Gb  v_it_management.o [1]
exit                    0x2000'1d03    0x4  Code  Gb  exit.o [2]
external_reset_disable  0x2000'0b81    0xa  Code  Gb  v_utils.o [1]
external_reset_enable   0x2000'0b79    0x8  Code  Gb  v_utils.o [1]
get_and_check_chipid    0x2000'02cd   0x50  Code  Gb  menu.o [1]
interruptType           0x2000'8060    0x4  Data  Lc  menu.o [1]
lowPowerMode            0x2000'805c    0x4  Data  Lc  menu.o [1]
main                    0x2000'1713   0x9e  Code  Gb  main.o [1]
menu_choice_msg         0x2000'83cc  0x168  Data  Gb  menu.o [1]
menu_option_0           0x2000'00d1   0x1e  Code  Gb  menu.o [1]
menu_option_1           0x2000'00ef   0x2e  Code  Gb  menu.o [1]
menu_option_2           0x2000'011d   0x2e  Code  Gb  menu.o [1]
menu_option_3           0x2000'014b   0x36  Code  Gb  menu.o [1]
menu_option_4           0x2000'0181   0x20  Code  Gb  menu.o [1]
menu_option_5           0x2000'01a1   0x18  Code  Gb  menu.o [1]
menu_option_6           0x2000'01b9   0x18  Code  Gb  menu.o [1]
menu_option_7           0x2000'01d1   0x18  Code  Gb  menu.o [1]
menu_option_8           0x2000'01e9   0x18  Code  Gb  menu.o [1]
message                 0x2000'8000   0x50  Data  Gb  menu.o [1]
new_vector_table        0x2000'8300   0xcc  Data  Gb  IAR_SAM3S_cstartup.o [1]
nvic_disable_it         0x2000'15e9   0x2a  Code  Gb  v_nvic.o [1]
nvic_enable_it          0x2000'15b1   0x38  Code  Gb  v_nvic.o [1]
out                     0x2000'0f61   0x18  Code  Lc  xprintftiny.o [2]
pio_clear               0x2000'0841    0x4  Code  Gb  pio.o [1]
pio_configure           0x2000'0977   0x76  Code  Gb  pio.o [1]
pio_disable_interrupt   0x2000'09f3    0x4  Code  Gb  pio.o [1]
pio_enable_interrupt    0x2000'09ed    0x6  Code  Gb  pio.o [1]
pio_get                 0x2000'0845   0x28  Code  Gb  pio.o [1]
pio_pull_up             0x2000'0831    0xc  Code  Gb  pio.o [1]
pio_set                 0x2000'083d    0x4  Code  Gb  pio.o [1]
pio_set_input           0x2000'08f9   0x40  Code  Gb  pio.o [1]
pio_set_output          0x2000'0939   0x3e  Code  Gb  pio.o [1]
pio_set_peripheral      0x2000'086d   0x8c  Code  Gb  pio.o [1]
pio_toggle              0x2000'0eff    0xe  Code  Gb  v_pio.o [1]
pmc_disable_pllack      0x2000'115b    0xa  Code  Gb  pmc.o [1]
pmc_enable_pck          0x2000'1307    0xc  Code  Gb  pmc.o [1]
pmc_enable_periph_clk   0x2000'0f0d   0x54  Code  Gb  pmc.o [1]
pmc_enable_pllack       0x2000'1125   0x36  Code  Gb  pmc.o [1]
pmc_switch_mainck_to_fastrc
                        0x2000'1165   0x66  Code  Gb  pmc.o [1]
pmc_switch_mainck_to_xtal
                        0x2000'11cb   0x40  Code  Gb  pmc.o [1]
pmc_switch_mck_to_mainck
                        0x2000'1259   0x4e  Code  Gb  pmc.o [1]
pmc_switch_mck_to_sclk  0x2000'120b   0x4e  Code  Gb  pmc.o [1]
pmc_switch_pck_to_mainck
                        0x2000'12d5   0x32  Code  Gb  pmc.o [1]
pmc_switch_pck_to_mck   0x2000'13fd   0x3c  Code  Gb  v_pmc.o [1]
pmc_switch_pck_to_sclk  0x2000'12a7   0x2e  Code  Gb  pmc.o [1]
relocate_int_table      0x2000'17f5   0x28  Code  Gb  v_relocate.o [1]
reset_source_msg        0x2000'181c   0x98  Data  Gb  v_utils.o [1]
rstc_software_reset     0x2000'0825    0xc  Code  Gb  rstc.o [1]
run_menu                0x2000'0585   0xf6  Code  Gb  menu.o [1]
set_PCK_output          0x2000'16bf   0x54  Code  Gb  main.o [1]
set_clocks              0x2000'0bd5  0x1ba  Code  Gb  v_utils.o [1]
sprintf                 0x2000'0a71   0x40  Code  Gb  sprintf.o [2]
strlen                  0x2000'1621         Code  Gb  strlen.o [3]
supc_disable_brownout_detector
                        0x2000'1535    0xe  Code  Gb  v_supc.o [1]
supc_disable_brownout_resetsignal
                        0x2000'1551    0xe  Code  Gb  v_supc.o [1]
supc_disable_monitor_interrupt
                        0x2000'15a5    0xa  Code  Gb  v_supc.o [1]
supc_disable_monitor_reset
                        0x2000'1591    0xa  Code  Gb  v_supc.o [1]
supc_disable_voltage_regulator
                        0x2000'1519    0xe  Code  Gb  v_supc.o [1]
supc_enable_brownout_detector
                        0x2000'1527    0xe  Code  Gb  v_supc.o [1]
supc_enable_brownout_resetsignal
                        0x2000'1543    0xe  Code  Gb  v_supc.o [1]
supc_enable_monitor_interrupt
                        0x2000'159b    0xa  Code  Gb  v_supc.o [1]
supc_enable_monitor_reset
                        0x2000'1587    0xa  Code  Gb  v_supc.o [1]
supc_enable_voltage_regulator
                        0x2000'150b    0xe  Code  Gb  v_supc.o [1]
supc_set_monitor_sampling_period
                        0x2000'1573   0x14  Code  Gb  v_supc.o [1]
supc_set_monitor_threshold
                        0x2000'155f   0x14  Code  Gb  v_supc.o [1]
supply_monitor_disable  0x2000'0e21    0xc  Code  Gb  v_utils.o [1]
supply_monitor_enable   0x2000'0dfd   0x24  Code  Gb  v_utils.o [1]
uart_enable_interrupt   0x2000'0afd    0x4  Code  Gb  uart.o [1]
uart_enable_rx          0x2000'0af1    0x6  Code  Gb  uart.o [1]
uart_enable_tx          0x2000'0aeb    0x6  Code  Gb  uart.o [1]
uart_init               0x2000'0ab1   0x3a  Code  Gb  uart.o [1]
uart_is_tx_empty        0x2000'0b0b    0xa  Code  Gb  uart.o [1]
uart_is_tx_ready        0x2000'0b01    0xa  Code  Gb  uart.o [1]
uart_read               0x2000'0b2b   0x14  Code  Gb  uart.o [1]
uart_reset_rx           0x2000'0af7    0x6  Code  Gb  uart.o [1]
uart_write              0x2000'0b15   0x16  Code  Gb  uart.o [1]
v_pmc_enable_pllbck     0x2000'1439   0x26  Code  Gb  v_pmc.o [1]
v_pmc_switch_mck_to_mainck
                        0x2000'133d   0x50  Code  Gb  v_pmc.o [1]
v_pmc_switch_mck_to_pllack
                        0x2000'138d   0x70  Code  Gb  v_pmc.o [1]
v_pmc_switch_mck_to_pllbck
                        0x2000'145f   0x8c  Code  Gb  v_pmc.o [1]
wait_loop               0x2000'0daf   0x18  Code  Gb  v_utils.o [1]
wait_time               0x2000'0dc9   0x22  Code  Gb  v_utils.o [1]
wait_time_loop          0x2000'1501    0xa  Code  Gb  v_utils.o [1]
watchdog_enable         0x2000'0b8b   0x4a  Code  Gb  v_utils.o [1]
wdt_disable             0x2000'1119    0xc  Code  Gb  v_wdt.o [1]
wdt_enable              0x2000'10a9   0x6c  Code  Gb  v_wdt.o [1]


[1] = C:\DEV\advanced_debug\SAM4S_V_ADC\compil\ISRAM\Obj
[2] = dl7M_tln.a
[3] = rt7M_tl.a

  6 218 bytes of readonly  code memory
  1 714 bytes of readonly  data memory
  2 712 bytes of readwrite data memory (+ 400 absolute)

Errors: none
Warnings: none
