###############################################################################
#
# IAR ELF Linker V7.40.1.8447/W32 for ARM                 03/Oct/2018  11:09:11
# Copyright 2007-2015 IAR Systems AB.
#
#    Output file  =  
#        C:\Users\M43527\Box
#        Sync\Home\Dev\advanced_debug\SAM4S_V_ADC\compil\ISRAM\Exe\SAM4S_V_ADC.out.tmp
#    Map file     =  
#        C:\Users\M43527\Box
#        Sync\Home\Dev\advanced_debug\SAM4S_V_ADC\compil\ISRAM\List\SAM4S_V_ADC.map
#    Command line =  
#        "C:\Users\M43527\Box
#        Sync\Home\Dev\advanced_debug\SAM4S_V_ADC\compil\ISRAM\Obj\IAR_SAM3S_cstartup.o"
#        "C:\Users\M43527\Box
#        Sync\Home\Dev\advanced_debug\SAM4S_V_ADC\compil\ISRAM\Obj\main.o"
#        "C:\Users\M43527\Box
#        Sync\Home\Dev\advanced_debug\SAM4S_V_ADC\compil\ISRAM\Obj\menu.o"
#        "C:\Users\M43527\Box
#        Sync\Home\Dev\advanced_debug\SAM4S_V_ADC\compil\ISRAM\Obj\pio.o"
#        "C:\Users\M43527\Box
#        Sync\Home\Dev\advanced_debug\SAM4S_V_ADC\compil\ISRAM\Obj\pmc.o"
#        "C:\Users\M43527\Box
#        Sync\Home\Dev\advanced_debug\SAM4S_V_ADC\compil\ISRAM\Obj\rstc.o"
#        "C:\Users\M43527\Box
#        Sync\Home\Dev\advanced_debug\SAM4S_V_ADC\compil\ISRAM\Obj\uart.o"
#        "C:\Users\M43527\Box
#        Sync\Home\Dev\advanced_debug\SAM4S_V_ADC\compil\ISRAM\Obj\v_debug.o"
#        "C:\Users\M43527\Box
#        Sync\Home\Dev\advanced_debug\SAM4S_V_ADC\compil\ISRAM\Obj\v_it_management.o"
#        "C:\Users\M43527\Box
#        Sync\Home\Dev\advanced_debug\SAM4S_V_ADC\compil\ISRAM\Obj\v_nvic.o"
#        "C:\Users\M43527\Box
#        Sync\Home\Dev\advanced_debug\SAM4S_V_ADC\compil\ISRAM\Obj\v_pio.o"
#        "C:\Users\M43527\Box
#        Sync\Home\Dev\advanced_debug\SAM4S_V_ADC\compil\ISRAM\Obj\v_pmc.o"
#        "C:\Users\M43527\Box
#        Sync\Home\Dev\advanced_debug\SAM4S_V_ADC\compil\ISRAM\Obj\v_relocate.o"
#        "C:\Users\M43527\Box
#        Sync\Home\Dev\advanced_debug\SAM4S_V_ADC\compil\ISRAM\Obj\v_supc.o"
#        "C:\Users\M43527\Box
#        Sync\Home\Dev\advanced_debug\SAM4S_V_ADC\compil\ISRAM\Obj\v_usart.o"
#        "C:\Users\M43527\Box
#        Sync\Home\Dev\advanced_debug\SAM4S_V_ADC\compil\ISRAM\Obj\v_utils.o"
#        "C:\Users\M43527\Box
#        Sync\Home\Dev\advanced_debug\SAM4S_V_ADC\compil\ISRAM\Obj\v_wdt.o"
#        --redirect _Printf=_PrintfTiny --redirect _Scanf=_ScanfSmall -o
#        "C:\Users\M43527\Box
#        Sync\Home\Dev\advanced_debug\SAM4S_V_ADC\compil\ISRAM\Exe\SAM4S_V_ADC.out.tmp"
#        --define_symbol _LINK_TO_ISRAM_=1 --map "C:\Users\M43527\Box
#        Sync\Home\Dev\advanced_debug\SAM4S_V_ADC\compil\ISRAM\List\SAM4S_V_ADC.map"
#        --log
#        libraries,initialization,modules,redirects,sections,veneers,unused_fragments
#        --log_file "C:\Users\M43527\Box
#        Sync\Home\Dev\advanced_debug\SAM4S_V_ADC\compil\ISRAM\List\SAM4S_V_ADC.log"
#        --config "C:\Users\M43527\Box
#        Sync\Home\Dev\advanced_debug\SAM4S_V_ADC\compil\..\..\__Link\IAR\SAM4S16_ISRAM_default.icf"
#        --keep=__checksum --entry __iar_program_start --place_holder
#        __checksum,4,.checksum,4 --define_symbol __checksum_begin=0x20000000
#        --define_symbol __checksum_end=0x20007fdf --vfe
#
###############################################################################

*******************************************************************************
*** RUNTIME MODEL ATTRIBUTES
***

CppFlavor       = *
__SystemLibrary = DLib


*******************************************************************************
*** PLACEMENT SUMMARY
***

"A1":  place at 0x20007fe0 { ro section .info_section };
"A2":  place at 0x20007ffc { ro section .checksum };
"A3":  place at 0x20000000 { ro section .intvec };
"P1":  place in [from 0x20000000 to 0x20007fdf] { ro };
"P2":  place in [from 0x20007fe0 to 0x2001ffff] { rw, block CSTACK };

  Section                 Kind        Address    Size  Object
  -------                 ----        -------    ----  ------
"A3":                                            0xcc
  .intvec                 const    0x20000000    0xcc  IAR_SAM3S_cstartup.o [1]
                                 - 0x200000cc    0xcc

"P1":                                          0x18ac
  .prg_used_utils_functions
                          ro code  0x200000cc   0x2e4  v_utils.o [1]
  .prg_used_drv_functions
                          ro code  0x200003b0    0x70  v_wdt.o [1]
  .text                   ro code  0x20000420   0x260  pmc.o [1]
  .text                   ro code  0x20000680   0x1d8  v_pmc.o [1]
  .wait_time              ro code  0x20000858     0xa  v_utils.o [1]
  .prg_used_drv_functions
                          ro code  0x20000862    0xbc  v_supc.o [1]
  .text                   ro code  0x2000091e    0x22  zero_init3.o [4]
  .text                   ro code  0x20000940   0x264  menu.o [1]
  .text                   ro code  0x20000ba4    0x8c  v_debug.o [1]
  .prg_used_drv_functions
                          ro code  0x20000c30   0x1ca  pio.o [1]
  .prg_used_drv_functions
                          ro code  0x20000dfa     0xe  v_pio.o [1]
  .text                   ro code  0x20000e08    0x34  sprintf.o [3]
  .text                   ro code  0x20000e3c    0x8e  uart.o [1]
  .text                   ro code  0x20000eca     0xa  xsprout.o [3]
  .prg_used_drv_functions
                          ro code  0x20000ed4    0x54  pmc.o [1]
  .prg_used_utils_functions
                          ro code  0x20000f28    0x18  v_it_management.o [1]
  .text                   ro code  0x20000f40   0x14e  xprintftiny.o [3]
  .prg_used_drv_functions
                          ro code  0x20001090    0x74  v_nvic.o [1]
  .text                   ro code  0x20001104    0x36  strlen.o [4]
  .text                   ro code  0x2000113c   0x178  main.o [1]
  .text                   ro code  0x200012b4    0x28  v_utils.o [1]
  .prg_used_utils_functions
                          ro code  0x200012dc    0x28  v_relocate.o [1]
  .text                   ro code  0x20001304     0xc  main.o [1]
  .text                   ro code  0x20001310    0xaa  IAR_SAM3S_cstartup.o [1]
  .rodata                 const    0x200013bc    0x98  v_utils.o [1]
  .rodata                 const    0x20001454    0x40  menu.o [1]
  .rodata                 const    0x20001494    0x40  menu.o [1]
  .rodata                 const    0x200014d4    0x3c  menu.o [1]
  .rodata                 const    0x20001510    0x38  menu.o [1]
  .rodata                 const    0x20001548    0x30  menu.o [1]
  .rodata                 const    0x20001578    0x2c  menu.o [1]
  .rodata                 const    0x200015a4    0x2c  menu.o [1]
  .rodata                 const    0x200015d0    0x2c  menu.o [1]
  .rodata                 const    0x200015fc    0x2c  menu.o [1]
  .text                   ro code  0x20001628    0x2c  copy_init3.o [4]
  .text                   ro code  0x20001654    0x28  data_init.o [4]
  .rodata                 const    0x2000167c    0x24  main.o [1]
  .rodata                 const    0x200016a0    0x24  main.o [1]
  .rodata                 const    0x200016c4    0x24  menu.o [1]
  .iar.init_table         const    0x200016e8    0x24  - Linker created -
  .rodata                 const    0x2000170c    0x1c  menu.o [1]
  .text                   ro code  0x20001728    0x1a  cmain.o [4]
  .text                   ro code  0x20001742     0x4  exit.o [3]
  .text                   ro code  0x20001748     0xa  cexit.o [4]
  .text                   ro code  0x20001754     0xc  XXexit.o [4]
  .rodata                 const    0x20001760    0x18  menu.o [1]
  .rodata                 const    0x20001778    0x14  menu.o [1]
  .rodata                 const    0x2000178c    0x14  menu.o [1]
  .rodata                 const    0x200017a0    0x10  menu.o [1]
  .rodata                 const    0x200017b0    0x10  menu.o [1]
  .text                   ro code  0x200017c0     0xc  cstartup_M.o [4]
  .rodata                 const    0x200017cc     0x8  main.o [1]
  .rodata                 const    0x200017d4     0x8  main.o [1]
  .rodata                 const    0x200017dc     0x8  menu.o [1]
  .rodata                 const    0x200017e4     0x0  zero_init3.o [4]
  .rodata                 const    0x200017e4     0x0  copy_init3.o [4]
  Initializer bytes       const    0x200017e4   0x194  <for P2 s0>
                                 - 0x20001978  0x18ac

"A1":                                            0x1c
  .info_section           const    0x20007fe0     0xc  main.o [1]
  .info_section           const    0x20007ff0     0xc  main.o [1]
                                 - 0x20007ffc    0x1c

"A2":                                             0x4
  .checksum               const    0x20007ffc     0x4  Place holder __checksum
                                 - 0x20008000     0x4

"P2":                                           0x9f0
  P2 s0                            0x20008000   0x194  <Init block>
    .data                 inited   0x20008000    0xcc  IAR_SAM3S_cstartup.o [1]
    .data                 inited   0x200080cc    0xc8  menu.o [1]
  .bss                    zero     0x20008194    0x50  menu.o [1]
  .bss                    zero     0x200081e4     0x4  main.o [1]
  .bss                    zero     0x200081e8     0x4  main.o [1]
  .bss                    zero     0x200081ec     0x4  menu.o [1]
  CSTACK                           0x200081f0   0x800  <Block>
    CSTACK                uninit   0x200081f0   0x800  <Block tail>
                                 - 0x200089f0   0x9f0


*******************************************************************************
*** INIT TABLE
***

          Address     Size
          -------     ----
Zero (__iar_zero_init3)
    1 destination range, total size 0x5c:
          0x20008194   0x5c

Copy (__iar_copy_init3)
    1 source range, total size 0x194:
          0x200017e4  0x194
    1 destination range, total size 0x194:
          0x20008000  0x194



*******************************************************************************
*** MODULE SUMMARY
***

    Module                ro code  ro data  rw data
    ------                -------  -------  -------
C:\Users\M43527\Box Sync\Home\Dev\advanced_debug\SAM4S_V_ADC\compil\ISRAM\Obj: [1]
    IAR_SAM3S_cstartup.o      170      408      204
    main.o                    388      112        8
    menu.o                    612      836      284
    pio.o                     458
    pmc.o                     692
    uart.o                    142
    v_debug.o                 140
    v_it_management.o          24
    v_nvic.o                  116
    v_pio.o                    14
    v_pmc.o                   472
    v_relocate.o               40
    v_supc.o                  188
    v_utils.o                 790      152
    v_wdt.o                   112
    -----------------------------------------------
    Total:                  4 358    1 508      496

command line: [2]
    -----------------------------------------------
    Total:

dl7M_tln.a: [3]
    exit.o                      4
    sprintf.o                  52
    xprintftiny.o             334
    xsprout.o                  10
    -----------------------------------------------
    Total:                    400

rt7M_tl.a: [4]
    XXexit.o                   12
    cexit.o                    10
    cmain.o                    26
    copy_init3.o               44
    cstartup_M.o               12
    data_init.o                40
    strlen.o                   54
    zero_init3.o               34
    -----------------------------------------------
    Total:                    232

    Gaps                        8        6
    Linker created                      36    2 048
---------------------------------------------------
    Grand Total:            4 998    1 554    2 544


*******************************************************************************
*** ENTRY LIST
***

Entry                      Address   Size  Type      Object
-----                      -------   ----  ----      ------
.iar.init_table$$Base   0x200016e8          --   Gb  - Linker created -
.iar.init_table$$Limit  0x2000170c          --   Gb  - Linker created -
?main                   0x20001729         Code  Gb  cmain.o [4]
ACC_IrqHandler          0x200013b9    0x2  Code  Wk  IAR_SAM3S_cstartup.o [1]
ADC_IrqHandler          0x200013b9    0x2  Code  Wk  IAR_SAM3S_cstartup.o [1]
BusFault_Handler        0x200013ab    0x2  Code  Wk  IAR_SAM3S_cstartup.o [1]
CRCCU_IrqHandler        0x200013b9    0x2  Code  Wk  IAR_SAM3S_cstartup.o [1]
CSTACK$$Base            0x200081f0          --   Gb  - Linker created -
CSTACK$$Limit           0x200089f0          --   Gb  - Linker created -
DACC_IrqHandler         0x200013b9    0x2  Code  Wk  IAR_SAM3S_cstartup.o [1]
DEBUG_Initialize        0x20000bd9   0x50  Code  Gb  v_debug.o [1]
DEBUG_Printk            0x20000bb3   0x26  Code  Gb  v_debug.o [1]
DEBUG_Ready             0x20000ba5    0xe  Code  Gb  v_debug.o [1]
DebugMon_Handler        0x200013b1    0x2  Code  Wk  IAR_SAM3S_cstartup.o [1]
Dummy_Handler           0x200013b9    0x2  Code  Gb  IAR_SAM3S_cstartup.o [1]
EEFC_IrqHandler         0x200013b9    0x2  Code  Wk  IAR_SAM3S_cstartup.o [1]
HSMCI_IrqHandler        0x200013b9    0x2  Code  Wk  IAR_SAM3S_cstartup.o [1]
HardFault_Handler       0x200013a7    0x2  Code  Wk  IAR_SAM3S_cstartup.o [1]
IrqHandlerNotUsed       0x200013b7    0x2  Code  Wk  IAR_SAM3S_cstartup.o [1]
MCK_clock_speed         0x200081e4    0x4  Data  Gb  main.o [1]
MemManage_Handler       0x200013a9    0x2  Code  Wk  IAR_SAM3S_cstartup.o [1]
MenuChoice              0x200081ec    0x4  Data  Gb  menu.o [1]
NMI_Handler             0x200013a5    0x2  Code  Wk  IAR_SAM3S_cstartup.o [1]
PIOA_IrqHandler         0x200013b9    0x2  Code  Wk  IAR_SAM3S_cstartup.o [1]
PIOB_IrqHandler         0x200013b9    0x2  Code  Wk  IAR_SAM3S_cstartup.o [1]
PIOC_IrqHandler         0x200013b9    0x2  Code  Wk  IAR_SAM3S_cstartup.o [1]
PIO_Init                0x2000113d   0x62  Code  Gb  main.o [1]
PMC_IrqHandler          0x200013b9    0x2  Code  Wk  IAR_SAM3S_cstartup.o [1]
PWM_IrqHandler          0x200013b9    0x2  Code  Wk  IAR_SAM3S_cstartup.o [1]
PendSV_Handler          0x200013b3    0x2  Code  Wk  IAR_SAM3S_cstartup.o [1]
Print_device_info       0x20000a01   0x66  Code  Gb  menu.o [1]
Print_menu              0x200009cd   0x34  Code  Gb  menu.o [1]
RSTC_IrqHandler         0x200013b9    0x2  Code  Wk  IAR_SAM3S_cstartup.o [1]
RTC_IrqHandler          0x200013b9    0x2  Code  Wk  IAR_SAM3S_cstartup.o [1]
RTT_IrqHandler          0x200013b9    0x2  Code  Wk  IAR_SAM3S_cstartup.o [1]
Region$$Table$$Base     0x200016e8          --   Gb  - Linker created -
Region$$Table$$Limit    0x2000170c          --   Gb  - Linker created -
SMC_IrqHandler          0x200013b9    0x2  Code  Wk  IAR_SAM3S_cstartup.o [1]
SPI_IrqHandler          0x200013b9    0x2  Code  Wk  IAR_SAM3S_cstartup.o [1]
SSC_IrqHandler          0x200013b9    0x2  Code  Wk  IAR_SAM3S_cstartup.o [1]
SUPC_IrqHandler         0x200013b9    0x2  Code  Wk  IAR_SAM3S_cstartup.o [1]
SVC_Handler             0x200013af    0x2  Code  Wk  IAR_SAM3S_cstartup.o [1]
SysTick_Handler         0x200013b5    0x2  Code  Wk  IAR_SAM3S_cstartup.o [1]
TC0_IrqHandler          0x200013b9    0x2  Code  Wk  IAR_SAM3S_cstartup.o [1]
TC1_IrqHandler          0x200013b9    0x2  Code  Wk  IAR_SAM3S_cstartup.o [1]
TC2_IrqHandler          0x200013b9    0x2  Code  Wk  IAR_SAM3S_cstartup.o [1]
TC3_IrqHandler          0x200013b9    0x2  Code  Wk  IAR_SAM3S_cstartup.o [1]
TC4_IrqHandler          0x200013b9    0x2  Code  Wk  IAR_SAM3S_cstartup.o [1]
TC5_IrqHandler          0x200013b9    0x2  Code  Wk  IAR_SAM3S_cstartup.o [1]
TWI0_IrqHandler         0x200013b9    0x2  Code  Wk  IAR_SAM3S_cstartup.o [1]
TWI1_IrqHandler         0x200013b9    0x2  Code  Wk  IAR_SAM3S_cstartup.o [1]
UART0_IrqHandler        0x200013b9    0x2  Code  Wk  IAR_SAM3S_cstartup.o [1]
UART1_IrqHandler        0x200009b9   0x14  Code  Gb  menu.o [1]
USART0_IrqHandler       0x200013b9    0x2  Code  Wk  IAR_SAM3S_cstartup.o [1]
USART1_IrqHandler       0x200013b9    0x2  Code  Wk  IAR_SAM3S_cstartup.o [1]
USBD_IrqHandler         0x200013b9    0x2  Code  Wk  IAR_SAM3S_cstartup.o [1]
UsageFault_Handler      0x200013ad    0x2  Code  Wk  IAR_SAM3S_cstartup.o [1]
Valid_DebugTrace        0x20001305    0xc  Code  Gb  main.o [1]
WDT_IrqHandler          0x200013b9    0x2  Code  Wk  IAR_SAM3S_cstartup.o [1]
_LINK_TO_ISRAM_ {Abs}   0x00000001          --   Gb  command line/config [2]
_PrintfTiny             0x20000f59  0x136  Code  Gb  xprintftiny.o [3]
_SProut                 0x20000ecb    0xa  Code  Gb  xsprout.o [3]
__checksum              0x20007ffc    0x4  Data  Gb  Place holder __checksum
__checksum_begin {Abs}  0x20000000          --   Gb  command line/config [2]
__checksum_end {Abs}    0x20007fdf          --   Gb  command line/config [2]
__cmain                 0x20001729         Code  Gb  cmain.o [4]
__exit                  0x20001755         Code  Gb  XXexit.o [4]
__iar_copy_init3        0x20001629   0x2c  Code  Gb  copy_init3.o [4]
__iar_data_init3        0x20001655   0x28  Code  Gb  data_init.o [4]
__iar_program_start     0x200017c1         Code  Gb  cstartup_M.o [4]
__iar_zero_init3        0x2000091f   0x22  Code  Gb  zero_init3.o [4]
__low_level_init        0x20001311   0x76  Code  Gb  IAR_SAM3S_cstartup.o [1]
__vector_table          0x20000000   0xcc  Data  Gb  IAR_SAM3S_cstartup.o [1]
_call_main              0x20001735         Code  Gb  cmain.o [4]
_date                   0x20007fe0    0xc  Data  Gb  main.o [1]
_exit                   0x20001749         Code  Gb  cexit.o [4]
_main                   0x2000173f         Code  Gb  cmain.o [4]
_time                   0x20007ff0    0xc  Data  Gb  main.o [1]
binary_tag              0x200081e8    0x4  Data  Gb  main.o [1]
brownout_detector_enable
                        0x20000345   0x10  Code  Gb  v_utils.o [1]
check_reset_source      0x200002df   0x28  Code  Gb  v_utils.o [1]
config_clocks           0x200012b5   0x28  Code  Gb  v_utils.o [1]
disable_interrupt       0x20000f35    0xc  Code  Gb  v_it_management.o [1]
enable_interrupt        0x20000f29    0xc  Code  Gb  v_it_management.o [1]
exit                    0x20001743    0x4  Code  Gb  exit.o [3]
external_reset_disable  0x200000d5    0xa  Code  Gb  v_utils.o [1]
external_reset_enable   0x200000cd    0x8  Code  Gb  v_utils.o [1]
get_and_check_chipid    0x20000a67   0x42  Code  Gb  menu.o [1]
main                    0x200011f1   0x80  Code  Gb  main.o [1]
menu_choice_msg         0x200080cc   0xc8  Data  Gb  menu.o [1]
menu_option_0           0x20000941   0x26  Code  Gb  menu.o [1]
menu_option_1           0x20000967   0x26  Code  Gb  menu.o [1]
menu_option_2           0x2000098d   0x2c  Code  Gb  menu.o [1]
message                 0x20008194   0x50  Data  Gb  menu.o [1]
new_vector_table        0x20008000   0xcc  Data  Gb  IAR_SAM3S_cstartup.o [1]
nvic_disable_it         0x200010cb   0x2e  Code  Gb  v_nvic.o [1]
nvic_enable_it          0x20001091   0x3a  Code  Gb  v_nvic.o [1]
out                     0x20000f41   0x18  Code  Lc  xprintftiny.o [3]
pio_clear               0x20000c41    0x4  Code  Gb  pio.o [1]
pio_configure           0x20000d7d   0x74  Code  Gb  pio.o [1]
pio_disable_interrupt   0x20000df7    0x4  Code  Gb  pio.o [1]
pio_enable_interrupt    0x20000df1    0x6  Code  Gb  pio.o [1]
pio_get                 0x20000c45   0x28  Code  Gb  pio.o [1]
pio_pull_up             0x20000c31    0xc  Code  Gb  pio.o [1]
pio_set                 0x20000c3d    0x4  Code  Gb  pio.o [1]
pio_set_input           0x20000cff   0x40  Code  Gb  pio.o [1]
pio_set_output          0x20000d3f   0x3e  Code  Gb  pio.o [1]
pio_set_peripheral      0x20000c6d   0x92  Code  Gb  pio.o [1]
pio_toggle              0x20000dfb    0xe  Code  Gb  v_pio.o [1]
pmc_disable_pllack      0x20000455    0xa  Code  Gb  pmc.o [1]
pmc_enable_pck          0x2000064d    0xc  Code  Gb  pmc.o [1]
pmc_enable_periph_clk   0x20000ed5   0x54  Code  Gb  pmc.o [1]
pmc_enable_pllack       0x20000421   0x34  Code  Gb  pmc.o [1]
pmc_switch_mainck_to_fastrc
                        0x2000045f   0x82  Code  Gb  pmc.o [1]
pmc_switch_mainck_to_xtal
                        0x200004e1   0x50  Code  Gb  pmc.o [1]
pmc_switch_mck_to_mainck
                        0x20000591   0x58  Code  Gb  pmc.o [1]
pmc_switch_mck_to_sclk  0x20000531   0x60  Code  Gb  pmc.o [1]
pmc_switch_pck_to_mainck
                        0x20000619   0x34  Code  Gb  pmc.o [1]
pmc_switch_pck_to_mck   0x2000074d   0x3e  Code  Gb  v_pmc.o [1]
pmc_switch_pck_to_sclk  0x200005e9   0x30  Code  Gb  pmc.o [1]
relocate_int_table      0x200012dd   0x28  Code  Gb  v_relocate.o [1]
reset_source_msg        0x200013bc   0x98  Data  Gb  v_utils.o [1]
run_menu                0x20000aad   0x80  Code  Gb  menu.o [1]
set_PCK_output          0x2000119f   0x52  Code  Gb  main.o [1]
set_clocks              0x2000012d  0x1b2  Code  Gb  v_utils.o [1]
sprintf                 0x20000e09   0x34  Code  Gb  sprintf.o [3]
strlen                  0x20001105         Code  Gb  strlen.o [4]
supc_disable_brownout_detector
                        0x20000893   0x10  Code  Gb  v_supc.o [1]
supc_disable_brownout_resetsignal
                        0x200008b3   0x10  Code  Gb  v_supc.o [1]
supc_disable_monitor_interrupt
                        0x20000913    0xc  Code  Gb  v_supc.o [1]
supc_disable_monitor_reset
                        0x200008fb    0xc  Code  Gb  v_supc.o [1]
supc_disable_voltage_regulator
                        0x20000873   0x10  Code  Gb  v_supc.o [1]
supc_enable_brownout_detector
                        0x20000883   0x10  Code  Gb  v_supc.o [1]
supc_enable_brownout_resetsignal
                        0x200008a3   0x10  Code  Gb  v_supc.o [1]
supc_enable_monitor_interrupt
                        0x20000907    0xc  Code  Gb  v_supc.o [1]
supc_enable_monitor_reset
                        0x200008ef    0xc  Code  Gb  v_supc.o [1]
supc_enable_voltage_regulator
                        0x20000863   0x10  Code  Gb  v_supc.o [1]
supc_set_monitor_sampling_period
                        0x200008d9   0x16  Code  Gb  v_supc.o [1]
supc_set_monitor_threshold
                        0x200008c3   0x16  Code  Gb  v_supc.o [1]
supply_monitor_disable  0x20000377    0xc  Code  Gb  v_utils.o [1]
supply_monitor_enable   0x20000355   0x22  Code  Gb  v_utils.o [1]
uart_enable_interrupt   0x20000e8b    0x4  Code  Gb  uart.o [1]
uart_enable_rx          0x20000e7f    0x6  Code  Gb  uart.o [1]
uart_enable_tx          0x20000e79    0x6  Code  Gb  uart.o [1]
uart_init               0x20000e3d   0x3c  Code  Gb  uart.o [1]
uart_is_tx_empty        0x20000e99    0xa  Code  Gb  uart.o [1]
uart_is_tx_ready        0x20000e8f    0xa  Code  Gb  uart.o [1]
uart_read               0x20000eb7   0x14  Code  Gb  uart.o [1]
uart_reset_rx           0x20000e85    0x6  Code  Gb  uart.o [1]
uart_write              0x20000ea3   0x14  Code  Gb  uart.o [1]
v_pmc_enable_pllbck     0x2000078b   0x24  Code  Gb  v_pmc.o [1]
v_pmc_switch_mck_to_mainck
                        0x20000681   0x5e  Code  Gb  v_pmc.o [1]
v_pmc_switch_mck_to_pllack
                        0x200006df   0x6e  Code  Gb  v_pmc.o [1]
v_pmc_switch_mck_to_pllbck
                        0x200007af   0x92  Code  Gb  v_pmc.o [1]
wait_loop               0x20000307   0x18  Code  Gb  v_utils.o [1]
wait_time               0x20000321   0x24  Code  Gb  v_utils.o [1]
wait_time_loop          0x20000859    0xa  Code  Gb  v_utils.o [1]
watchdog_enable         0x200000df   0x4e  Code  Gb  v_utils.o [1]
wdt_disable             0x20000415    0xc  Code  Gb  v_wdt.o [1]
wdt_enable              0x200003b1   0x60  Code  Gb  v_wdt.o [1]


[1] = C:\Users\M43527\Box Sync\Home\Dev\advanced_debug\SAM4S_V_ADC\compil\ISRAM\Obj
[2] = command line
[3] = dl7M_tln.a
[4] = rt7M_tl.a

  4 998 bytes of readonly  code memory
  1 554 bytes of readonly  data memory
  2 544 bytes of readwrite data memory

Errors: none
Warnings: none
